Archive member included because of file (symbol)

/home/defaultuser/nibolib/lib/libnibo2.a(display.o)
                              ./src/display.o (display_init)
/home/defaultuser/nibolib/lib/libnibo2.a(pwm.o)
                              ./src/main.o (pwm_init)
/home/defaultuser/nibolib/lib/libnibo2.a(delay.o)
                              ./src/display.o (delay)
/home/defaultuser/nibolib/lib/libnibo2.a(spi.o)
                              ./src/helloMotors.o (spi_init)
/home/defaultuser/nibolib/lib/libnibo2.a(gfx.o)
                              ./src/display.o (gfx_fill)
/home/defaultuser/nibolib/lib/libnibo2.a(copro.o)
                              ./src/drive.o (copro_update)
/home/defaultuser/nibolib/lib/libnibo2.a(bot.o)
                              ./src/display.o (bot_update)
/home/defaultuser/nibolib/lib/libnibo2.a(leds.o)
                              ./src/main.o (leds_init)
/home/defaultuser/nibolib/lib/libnibo2.a(adc.o)
                              /home/defaultuser/nibolib/lib/libnibo2.a(bot.o) (adc_read)
/usr/lib/gcc/avr/4.8.1/../../../avr/lib/avr51/libprintf_flt.a(vfprintf_flt.o)
                              (vfprintf)
/usr/lib/gcc/avr/4.8.1/../../../avr/lib/avr51/libm.a(addsf3.o)
                              ./src/display.o (__subsf3)
/usr/lib/gcc/avr/4.8.1/../../../avr/lib/avr51/libm.a(addsf3x.o)
                              /usr/lib/gcc/avr/4.8.1/../../../avr/lib/avr51/libm.a(addsf3.o) (__addsf3x)
/usr/lib/gcc/avr/4.8.1/../../../avr/lib/avr51/libm.a(floatsisf.o)
                              ./src/display.o (__floatunsisf)
/usr/lib/gcc/avr/4.8.1/../../../avr/lib/avr51/libm.a(fp_inf.o)
                              /usr/lib/gcc/avr/4.8.1/../../../avr/lib/avr51/libm.a(addsf3x.o) (__fp_inf)
/usr/lib/gcc/avr/4.8.1/../../../avr/lib/avr51/libm.a(fp_nan.o)
                              /usr/lib/gcc/avr/4.8.1/../../../avr/lib/avr51/libm.a(addsf3x.o) (__fp_nan)
/usr/lib/gcc/avr/4.8.1/../../../avr/lib/avr51/libm.a(fp_pscA.o)
                              /usr/lib/gcc/avr/4.8.1/../../../avr/lib/avr51/libm.a(addsf3x.o) (__fp_pscA)
/usr/lib/gcc/avr/4.8.1/../../../avr/lib/avr51/libm.a(fp_pscB.o)
                              /usr/lib/gcc/avr/4.8.1/../../../avr/lib/avr51/libm.a(addsf3x.o) (__fp_pscB)
/usr/lib/gcc/avr/4.8.1/../../../avr/lib/avr51/libm.a(fp_round.o)
                              /usr/lib/gcc/avr/4.8.1/../../../avr/lib/avr51/libm.a(addsf3.o) (__fp_round)
/usr/lib/gcc/avr/4.8.1/../../../avr/lib/avr51/libm.a(fp_split3.o)
                              /usr/lib/gcc/avr/4.8.1/../../../avr/lib/avr51/libm.a(addsf3x.o) (__fp_split3)
/usr/lib/gcc/avr/4.8.1/../../../avr/lib/avr51/libm.a(fp_zero.o)
                              /usr/lib/gcc/avr/4.8.1/../../../avr/lib/avr51/libm.a(addsf3x.o) (__fp_zero)
/usr/lib/gcc/avr/4.8.1/../../../avr/lib/avr51/libm.a(mulsf3.o)
                              ./src/display.o (__mulsf3)
/usr/lib/gcc/avr/4.8.1/../../../avr/lib/avr51/libm.a(mulsf3x.o)
                              /usr/lib/gcc/avr/4.8.1/../../../avr/lib/avr51/libm.a(mulsf3.o) (__mulsf3x)
/usr/lib/gcc/avr/4.8.1/avr51/libgcc.a(_udivmodhi4.o)
                              ./src/drive.o (__udivmodhi4)
/usr/lib/gcc/avr/4.8.1/avr51/libgcc.a(_divmodhi4.o)
                              ./src/display.o (__divmodhi4)
/usr/lib/gcc/avr/4.8.1/avr51/libgcc.a(_udivmodsi4.o)
                              ./src/uart0.o (__udivmodsi4)
/usr/lib/gcc/avr/4.8.1/avr51/libgcc.a(_exit.o)
                              /usr/lib/gcc/avr/4.8.1/../../../avr/lib/avr51/crtm128.o (exit)
/usr/lib/gcc/avr/4.8.1/avr51/libgcc.a(_copy_data.o)
                              ./src/display.o (__do_copy_data)
/usr/lib/gcc/avr/4.8.1/avr51/libgcc.a(_clear_bss.o)
                              ./src/display.o (__do_clear_bss)
/usr/lib/gcc/avr/4.8.1/../../../avr/lib/avr51/libc.a(ftoa_engine.o)
                              /usr/lib/gcc/avr/4.8.1/../../../avr/lib/avr51/libprintf_flt.a(vfprintf_flt.o) (__ftoa_engine)
/usr/lib/gcc/avr/4.8.1/../../../avr/lib/avr51/libc.a(strnlen_P.o)
                              /usr/lib/gcc/avr/4.8.1/../../../avr/lib/avr51/libprintf_flt.a(vfprintf_flt.o) (strnlen_P)
/usr/lib/gcc/avr/4.8.1/../../../avr/lib/avr51/libc.a(strcpy.o)
                              ./src/display.o (strcpy)
/usr/lib/gcc/avr/4.8.1/../../../avr/lib/avr51/libc.a(strnlen.o)
                              /usr/lib/gcc/avr/4.8.1/../../../avr/lib/avr51/libprintf_flt.a(vfprintf_flt.o) (strnlen)
/usr/lib/gcc/avr/4.8.1/../../../avr/lib/avr51/libc.a(fputc.o)
                              /usr/lib/gcc/avr/4.8.1/../../../avr/lib/avr51/libprintf_flt.a(vfprintf_flt.o) (fputc)
/usr/lib/gcc/avr/4.8.1/../../../avr/lib/avr51/libc.a(sprintf.o)
                              ./src/display.o (sprintf)
/usr/lib/gcc/avr/4.8.1/../../../avr/lib/avr51/libc.a(ultoa_invert.o)
                              /usr/lib/gcc/avr/4.8.1/../../../avr/lib/avr51/libprintf_flt.a(vfprintf_flt.o) (__ultoa_invert)

Allocating common symbols
Common symbol       size              file

copro_ticks_offset_r
                    0x2               /home/defaultuser/nibolib/lib/libnibo2.a(copro.o)
copro_ticks_offset_l
                    0x2               /home/defaultuser/nibolib/lib/libnibo2.a(copro.o)
copro_current_l     0x2               /home/defaultuser/nibolib/lib/libnibo2.a(copro.o)
gfx_dm              0x1               /home/defaultuser/nibolib/lib/libnibo2.a(gfx.o)
adc_random_seed     0x2               /home/defaultuser/nibolib/lib/libnibo2.a(adc.o)
spi_tx_buf          0x1b              /home/defaultuser/nibolib/lib/libnibo2.a(spi.o)
copro_commands      0x15              /home/defaultuser/nibolib/lib/libnibo2.a(copro.o)
spi_rx_size         0x1               /home/defaultuser/nibolib/lib/libnibo2.a(spi.o)
copro_ticks_l       0x2               /home/defaultuser/nibolib/lib/libnibo2.a(copro.o)
copro_rc5_cmd       0x2               /home/defaultuser/nibolib/lib/libnibo2.a(copro.o)
drive_result        0x1               ./src/main.o
pwm_channel_A       0x2               /home/defaultuser/nibolib/lib/libnibo2.a(pwm.o)
copro_distance      0xa               /home/defaultuser/nibolib/lib/libnibo2.a(copro.o)
spi_err_cnt         0x1               /home/defaultuser/nibolib/lib/libnibo2.a(spi.o)
copro_pos_x         0x4               /home/defaultuser/nibolib/lib/libnibo2.a(copro.o)
copro_pos_ori       0x4               /home/defaultuser/nibolib/lib/libnibo2.a(copro.o)
copro_speed_r       0x2               /home/defaultuser/nibolib/lib/libnibo2.a(copro.o)
pwm_channel_B       0x2               /home/defaultuser/nibolib/lib/libnibo2.a(pwm.o)
pwm_timer_ms        0x2               /home/defaultuser/nibolib/lib/libnibo2.a(pwm.o)
spi_tx_size         0x1               /home/defaultuser/nibolib/lib/libnibo2.a(spi.o)
gfx_term_row        0x1               /home/defaultuser/nibolib/lib/libnibo2.a(gfx.o)
gfx_proportional    0x1               /home/defaultuser/nibolib/lib/libnibo2.a(gfx.o)
copro_ticks_r       0x2               /home/defaultuser/nibolib/lib/libnibo2.a(copro.o)
uart0_txbuf_begin   0x1               ./src/uart0.o
copro_pos_y         0x4               /home/defaultuser/nibolib/lib/libnibo2.a(copro.o)
bot_supply          0x2               /home/defaultuser/nibolib/lib/libnibo2.a(bot.o)
spi_frame_cnt       0x1               /home/defaultuser/nibolib/lib/libnibo2.a(spi.o)
copro_ir_mode       0x1               /home/defaultuser/nibolib/lib/libnibo2.a(copro.o)
spi_size            0x1               /home/defaultuser/nibolib/lib/libnibo2.a(spi.o)
copro_rc5_count     0x1               /home/defaultuser/nibolib/lib/libnibo2.a(copro.o)
display_type        0x1               /home/defaultuser/nibolib/lib/libnibo2.a(display.o)
uart0_rxbuf         0x8               ./src/uart0.o
uart0_txbuf         0x8               ./src/uart0.o
gfx_x               0x1               /home/defaultuser/nibolib/lib/libnibo2.a(gfx.o)
copro_current_r     0x2               /home/defaultuser/nibolib/lib/libnibo2.a(copro.o)
copro_buffer        0x1b              /home/defaultuser/nibolib/lib/libnibo2.a(copro.o)
spi_rx_buf          0x1b              /home/defaultuser/nibolib/lib/libnibo2.a(spi.o)
uart0_rxbuf_begin   0x1               ./src/uart0.o
gfx_tile            0x8               /home/defaultuser/nibolib/lib/libnibo2.a(gfx.o)
pwm_channel_C       0x2               /home/defaultuser/nibolib/lib/libnibo2.a(pwm.o)
spi_tx_chk          0x1               /home/defaultuser/nibolib/lib/libnibo2.a(spi.o)
uart0_rxbuf_end     0x1               ./src/uart0.o
pwm_timer_sub       0x2               /home/defaultuser/nibolib/lib/libnibo2.a(pwm.o)
pwm_timer_sec       0x4               /home/defaultuser/nibolib/lib/libnibo2.a(pwm.o)
spi_pos             0x1               /home/defaultuser/nibolib/lib/libnibo2.a(spi.o)
uart0_txbuf_end     0x1               ./src/uart0.o
gfx_y               0x1               /home/defaultuser/nibolib/lib/libnibo2.a(gfx.o)
copro_target_distance
                    0x2               /home/defaultuser/nibolib/lib/libnibo2.a(copro.o)
spi_rx_chk          0x1               /home/defaultuser/nibolib/lib/libnibo2.a(spi.o)
gfx_term_col        0x1               /home/defaultuser/nibolib/lib/libnibo2.a(gfx.o)
copro_seq           0x1               /home/defaultuser/nibolib/lib/libnibo2.a(copro.o)
copro_speed_l       0x2               /home/defaultuser/nibolib/lib/libnibo2.a(copro.o)

Memory Configuration

Name             Origin             Length             Attributes
text             0x0000000000000000 0x0000000000020000 xr
data             0x0000000000800100 0x000000000000ff00 rw !x
eeprom           0x0000000000810000 0x0000000000010000 rw !x
fuse             0x0000000000820000 0x0000000000000400 rw !x
lock             0x0000000000830000 0x0000000000000400 rw !x
signature        0x0000000000840000 0x0000000000000400 rw !x
user_signatures  0x0000000000850000 0x0000000000000400 rw !x
*default*        0x0000000000000000 0xffffffffffffffff

Linker script and memory map

Address of section .data set to 0x800100
LOAD /usr/lib/gcc/avr/4.8.1/../../../avr/lib/avr51/crtm128.o
LOAD ./src/display.o
LOAD ./src/drive.o
LOAD ./src/helloMotors.o
LOAD ./src/main.o
LOAD ./src/n2switchS3.o
LOAD ./src/nibo_leds.o
LOAD ./src/uart0.o
LOAD ./src/xbee.o
LOAD /home/defaultuser/nibolib/lib/libnds3.a
LOAD /home/defaultuser/nibolib/lib/libnibo2.a
LOAD /usr/lib/gcc/avr/4.8.1/../../../avr/lib/avr51/libprintf_flt.a
LOAD /usr/lib/gcc/avr/4.8.1/../../../avr/lib/avr51/libm.a
LOAD /home/defaultuser/nibolib/lib/libuart-0.a
START GROUP
LOAD /usr/lib/gcc/avr/4.8.1/avr51/libgcc.a
LOAD /usr/lib/gcc/avr/4.8.1/../../../avr/lib/avr51/libm.a
LOAD /usr/lib/gcc/avr/4.8.1/../../../avr/lib/avr51/libc.a
END GROUP

.hash
 *(.hash)

.dynsym
 *(.dynsym)

.dynstr
 *(.dynstr)

.gnu.version
 *(.gnu.version)

.gnu.version_d
 *(.gnu.version_d)

.gnu.version_r
 *(.gnu.version_r)

.rel.init
 *(.rel.init)

.rela.init
 *(.rela.init)

.rel.text
 *(.rel.text)
 *(.rel.text.*)
 *(.rel.gnu.linkonce.t*)

.rela.text
 *(.rela.text)
 *(.rela.text.*)
 *(.rela.gnu.linkonce.t*)

.rel.fini
 *(.rel.fini)

.rela.fini
 *(.rela.fini)

.rel.rodata
 *(.rel.rodata)
 *(.rel.rodata.*)
 *(.rel.gnu.linkonce.r*)

.rela.rodata
 *(.rela.rodata)
 *(.rela.rodata.*)
 *(.rela.gnu.linkonce.r*)

.rel.data
 *(.rel.data)
 *(.rel.data.*)
 *(.rel.gnu.linkonce.d*)

.rela.data
 *(.rela.data)
 *(.rela.data.*)
 *(.rela.gnu.linkonce.d*)

.rel.ctors
 *(.rel.ctors)

.rela.ctors
 *(.rela.ctors)

.rel.dtors
 *(.rel.dtors)

.rela.dtors
 *(.rela.dtors)

.rel.got
 *(.rel.got)

.rela.got
 *(.rela.got)

.rel.bss
 *(.rel.bss)

.rela.bss
 *(.rela.bss)

.rel.plt
 *(.rel.plt)

.rela.plt
 *(.rela.plt)

.text           0x0000000000000000     0x2ece
 *(.vectors)
 .vectors       0x0000000000000000       0x8c /usr/lib/gcc/avr/4.8.1/../../../avr/lib/avr51/crtm128.o
                0x0000000000000000                __vectors
                0x0000000000000000                __vector_default
 *(.vectors)
 *(.progmem.gcc*)
                0x000000000000008c                . = ALIGN (0x2)
                0x000000000000008c                __trampolines_start = .
 *(.trampolines)
 .trampolines   0x000000000000008c        0x0 linker stubs
 *(.trampolines*)
                0x000000000000008c                __trampolines_end = .
 *(.progmem*)
 .progmem.data  0x000000000000008c        0x9 /home/defaultuser/nibolib/lib/libnibo2.a(bot.o)
                0x000000000000008c                bot_lib_revision
                0x0000000000000090                bot_lib_version
 .progmem.data  0x0000000000000095        0x8 /usr/lib/gcc/avr/4.8.1/../../../avr/lib/avr51/libprintf_flt.a(vfprintf_flt.o)
 .progmem.data  0x000000000000009d       0xfa /usr/lib/gcc/avr/4.8.1/../../../avr/lib/avr51/libc.a(ftoa_engine.o)
                0x0000000000000198                . = ALIGN (0x2)
 *fill*         0x0000000000000197        0x1 
 *(.jumptables)
 *(.jumptables*)
 *(.lowtext)
 *(.lowtext*)
                0x0000000000000198                __ctors_start = .
 *(.ctors)
                0x0000000000000198                __ctors_end = .
                0x0000000000000198                __dtors_start = .
 *(.dtors)
                0x0000000000000198                __dtors_end = .
 SORT(*)(.ctors)
 SORT(*)(.dtors)
 *(.init0)
 .init0         0x0000000000000198        0x0 /usr/lib/gcc/avr/4.8.1/../../../avr/lib/avr51/crtm128.o
                0x0000000000000198                __init
 *(.init0)
 *(.init1)
 *(.init1)
 *(.init2)
 .init2         0x0000000000000198        0xc /usr/lib/gcc/avr/4.8.1/../../../avr/lib/avr51/crtm128.o
 *(.init2)
 *(.init3)
 *(.init3)
 *(.init4)
 .init4         0x00000000000001a4       0x1a /usr/lib/gcc/avr/4.8.1/avr51/libgcc.a(_copy_data.o)
                0x00000000000001a4                __do_copy_data
 .init4         0x00000000000001be       0x10 /usr/lib/gcc/avr/4.8.1/avr51/libgcc.a(_clear_bss.o)
                0x00000000000001be                __do_clear_bss
 *(.init4)
 *(.init5)
 *(.init5)
 *(.init6)
 *(.init6)
 *(.init7)
 *(.init7)
 *(.init8)
 *(.init8)
 *(.init9)
 .init9         0x00000000000001ce        0x8 /usr/lib/gcc/avr/4.8.1/../../../avr/lib/avr51/crtm128.o
 *(.init9)
 *(.text)
 .text          0x00000000000001d6        0x4 /usr/lib/gcc/avr/4.8.1/../../../avr/lib/avr51/crtm128.o
                0x00000000000001d6                __vector_22
                0x00000000000001d6                __vector_28
                0x00000000000001d6                __vector_1
                0x00000000000001d6                __vector_32
                0x00000000000001d6                __vector_34
                0x00000000000001d6                __vector_24
                0x00000000000001d6                __vector_12
                0x00000000000001d6                __bad_interrupt
                0x00000000000001d6                __vector_6
                0x00000000000001d6                __vector_31
                0x00000000000001d6                __vector_3
                0x00000000000001d6                __vector_23
                0x00000000000001d6                __vector_30
                0x00000000000001d6                __vector_25
                0x00000000000001d6                __vector_11
                0x00000000000001d6                __vector_13
                0x00000000000001d6                __vector_7
                0x00000000000001d6                __vector_27
                0x00000000000001d6                __vector_5
                0x00000000000001d6                __vector_33
                0x00000000000001d6                __vector_4
                0x00000000000001d6                __vector_9
                0x00000000000001d6                __vector_2
                0x00000000000001d6                __vector_21
                0x00000000000001d6                __vector_15
                0x00000000000001d6                __vector_29
                0x00000000000001d6                __vector_8
                0x00000000000001d6                __vector_26
                0x00000000000001d6                __vector_10
                0x00000000000001d6                __vector_16
                0x00000000000001d6                __vector_20
 .text          0x00000000000001da        0x0 ./src/display.o
 .text          0x00000000000001da        0x0 ./src/drive.o
 .text          0x00000000000001da        0x0 ./src/helloMotors.o
 .text          0x00000000000001da        0x0 ./src/main.o
 .text          0x00000000000001da        0x0 ./src/n2switchS3.o
 .text          0x00000000000001da        0x0 ./src/nibo_leds.o
 .text          0x00000000000001da        0x0 ./src/uart0.o
 .text          0x00000000000001da        0x0 ./src/xbee.o
 .text          0x00000000000001da        0x0 /home/defaultuser/nibolib/lib/libnibo2.a(display.o)
 .text          0x00000000000001da        0x0 /home/defaultuser/nibolib/lib/libnibo2.a(pwm.o)
 .text          0x00000000000001da        0x0 /home/defaultuser/nibolib/lib/libnibo2.a(delay.o)
 .text          0x00000000000001da        0x0 /home/defaultuser/nibolib/lib/libnibo2.a(spi.o)
 .text          0x00000000000001da        0x0 /home/defaultuser/nibolib/lib/libnibo2.a(gfx.o)
 .text          0x00000000000001da        0x0 /home/defaultuser/nibolib/lib/libnibo2.a(copro.o)
 .text          0x00000000000001da        0x0 /home/defaultuser/nibolib/lib/libnibo2.a(bot.o)
 .text          0x00000000000001da        0x0 /home/defaultuser/nibolib/lib/libnibo2.a(leds.o)
 .text          0x00000000000001da        0x0 /home/defaultuser/nibolib/lib/libnibo2.a(adc.o)
 .text          0x00000000000001da        0x0 /usr/lib/gcc/avr/4.8.1/../../../avr/lib/avr51/libprintf_flt.a(vfprintf_flt.o)
 .text          0x00000000000001da        0x0 /usr/lib/gcc/avr/4.8.1/../../../avr/lib/avr51/libm.a(addsf3.o)
 .text          0x00000000000001da        0x0 /usr/lib/gcc/avr/4.8.1/../../../avr/lib/avr51/libm.a(addsf3x.o)
 .text          0x00000000000001da        0x0 /usr/lib/gcc/avr/4.8.1/../../../avr/lib/avr51/libm.a(floatsisf.o)
 .text          0x00000000000001da        0x0 /usr/lib/gcc/avr/4.8.1/../../../avr/lib/avr51/libm.a(fp_inf.o)
 .text          0x00000000000001da        0x0 /usr/lib/gcc/avr/4.8.1/../../../avr/lib/avr51/libm.a(fp_nan.o)
 .text          0x00000000000001da        0x0 /usr/lib/gcc/avr/4.8.1/../../../avr/lib/avr51/libm.a(fp_pscA.o)
 .text          0x00000000000001da        0x0 /usr/lib/gcc/avr/4.8.1/../../../avr/lib/avr51/libm.a(fp_pscB.o)
 .text          0x00000000000001da        0x0 /usr/lib/gcc/avr/4.8.1/../../../avr/lib/avr51/libm.a(fp_round.o)
 .text          0x00000000000001da        0x0 /usr/lib/gcc/avr/4.8.1/../../../avr/lib/avr51/libm.a(fp_split3.o)
 .text          0x00000000000001da        0x0 /usr/lib/gcc/avr/4.8.1/../../../avr/lib/avr51/libm.a(fp_zero.o)
 .text          0x00000000000001da        0x0 /usr/lib/gcc/avr/4.8.1/../../../avr/lib/avr51/libm.a(mulsf3.o)
 .text          0x00000000000001da        0x0 /usr/lib/gcc/avr/4.8.1/../../../avr/lib/avr51/libm.a(mulsf3x.o)
 .text          0x00000000000001da        0x0 /usr/lib/gcc/avr/4.8.1/avr51/libgcc.a(_udivmodhi4.o)
 .text          0x00000000000001da        0x0 /usr/lib/gcc/avr/4.8.1/avr51/libgcc.a(_divmodhi4.o)
 .text          0x00000000000001da        0x0 /usr/lib/gcc/avr/4.8.1/avr51/libgcc.a(_udivmodsi4.o)
 .text          0x00000000000001da        0x0 /usr/lib/gcc/avr/4.8.1/avr51/libgcc.a(_exit.o)
 .text          0x00000000000001da        0x0 /usr/lib/gcc/avr/4.8.1/avr51/libgcc.a(_copy_data.o)
 .text          0x00000000000001da        0x0 /usr/lib/gcc/avr/4.8.1/avr51/libgcc.a(_clear_bss.o)
 .text          0x00000000000001da        0x0 /usr/lib/gcc/avr/4.8.1/../../../avr/lib/avr51/libc.a(ftoa_engine.o)
 .text          0x00000000000001da        0x0 /usr/lib/gcc/avr/4.8.1/../../../avr/lib/avr51/libc.a(strnlen_P.o)
 .text          0x00000000000001da        0x0 /usr/lib/gcc/avr/4.8.1/../../../avr/lib/avr51/libc.a(strcpy.o)
 .text          0x00000000000001da        0x0 /usr/lib/gcc/avr/4.8.1/../../../avr/lib/avr51/libc.a(strnlen.o)
 .text          0x00000000000001da        0x0 /usr/lib/gcc/avr/4.8.1/../../../avr/lib/avr51/libc.a(fputc.o)
 .text          0x00000000000001da        0x0 /usr/lib/gcc/avr/4.8.1/../../../avr/lib/avr51/libc.a(sprintf.o)
 .text          0x00000000000001da        0x0 /usr/lib/gcc/avr/4.8.1/../../../avr/lib/avr51/libc.a(ultoa_invert.o)
                0x00000000000001da                . = ALIGN (0x2)
 *(.text.*)
 .text.printVoltage
                0x00000000000001da       0xa6 ./src/display.o
                0x00000000000001da                printVoltage
 .text.displayInit
                0x0000000000000280        0x8 ./src/display.o
                0x0000000000000280                displayInit
 .text.printDisplay
                0x0000000000000288       0x96 ./src/display.o
                0x0000000000000288                printDisplay
 .text.appendLine
                0x000000000000031e       0x78 ./src/display.o
                0x000000000000031e                appendLine
 .text.clear    0x0000000000000396        0xe ./src/display.o
                0x0000000000000396                clear
 .text.backwards_mode
                0x00000000000003a4       0xa2 ./src/drive.o
                0x00000000000003a4                backwards_mode
 .text.auto_mode_drive
                0x0000000000000446      0x148 ./src/drive.o
                0x0000000000000446                auto_mode_drive
 .text.drive_turn_left
                0x000000000000058e       0x10 ./src/drive.o
                0x000000000000058e                drive_turn_left
 .text.drive_turn_halfLeft
                0x000000000000059e       0x10 ./src/drive.o
                0x000000000000059e                drive_turn_halfLeft
 .text.drive_turn_right
                0x00000000000005ae       0x10 ./src/drive.o
                0x00000000000005ae                drive_turn_right
 .text.drive_turn_halfRight
                0x00000000000005be       0x10 ./src/drive.o
                0x00000000000005be                drive_turn_halfRight
 .text.drive_turn_around
                0x00000000000005ce       0x10 ./src/drive.o
                0x00000000000005ce                drive_turn_around
 .text.drive_forward
                0x00000000000005de       0x1c ./src/drive.o
                0x00000000000005de                drive_forward
 .text.stop_completely
                0x00000000000005fa        0x4 ./src/drive.o
                0x00000000000005fa                stop_completely
 .text.init_bot
                0x00000000000005fe       0x16 ./src/helloMotors.o
                0x00000000000005fe                init_bot
 .text.b_m      0x0000000000000614       0x8e ./src/helloMotors.o
                0x0000000000000614                b_m
 .text.autoo    0x00000000000006a2      0x146 ./src/helloMotors.o
                0x00000000000006a2                autoo
 .text.init     0x00000000000007e8       0x1e ./src/main.o
                0x00000000000007e8                init
 .text.drive_auto
                0x0000000000000806       0x3c ./src/main.o
                0x0000000000000806                drive_auto
 .text.startup.main
                0x0000000000000842       0xda ./src/main.o
                0x0000000000000842                main
 .text.s3_was_pressed
                0x000000000000091c       0x26 ./src/n2switchS3.o
                0x000000000000091c                s3_was_pressed
 .text.s3_is_pressed
                0x0000000000000942       0x20 ./src/n2switchS3.o
                0x0000000000000942                s3_is_pressed
 .text.all_blocked
                0x0000000000000962       0x16 ./src/nibo_leds.o
                0x0000000000000962                all_blocked
 .text.all_leds_off
                0x0000000000000978       0x16 ./src/nibo_leds.o
                0x0000000000000978                all_leds_off
 .text.going_front
                0x000000000000098e        0xc ./src/nibo_leds.o
                0x000000000000098e                going_front
 .text.going_right
                0x000000000000099a        0xc ./src/nibo_leds.o
                0x000000000000099a                going_right
 .text.going_left
                0x00000000000009a6        0xc ./src/nibo_leds.o
                0x00000000000009a6                going_left
 .text.going_half_left
                0x00000000000009b2        0xc ./src/nibo_leds.o
                0x00000000000009b2                going_half_left
 .text.going_half_right
                0x00000000000009be        0xc ./src/nibo_leds.o
                0x00000000000009be                going_half_right
 .text.uart0_set_baudrate
                0x00000000000009ca       0x2c ./src/uart0.o
                0x00000000000009ca                uart0_set_baudrate
 .text.uart0_getchar
                0x00000000000009f6       0x30 ./src/uart0.o
                0x00000000000009f6                uart0_getchar
 .text.uart0_putchar
                0x0000000000000a26       0x38 ./src/uart0.o
                0x0000000000000a26                uart0_putchar
 .text.uart0_enable
                0x0000000000000a5e        0x6 ./src/uart0.o
                0x0000000000000a5e                uart0_enable
 .text.uart0_disable
                0x0000000000000a64        0x4 ./src/uart0.o
                0x0000000000000a64                uart0_disable
 .text.__vector_18
                0x0000000000000a68       0x62 ./src/uart0.o
                0x0000000000000a68                __vector_18
 .text.__vector_19
                0x0000000000000aca       0x64 ./src/uart0.o
                0x0000000000000aca                __vector_19
 .text.initUART0
                0x0000000000000b2e        0xc ./src/xbee.o
                0x0000000000000b2e                initUART0
 .text.sendCmd  0x0000000000000b3a        0xe ./src/xbee.o
                0x0000000000000b3a                sendCmd
 .text.getCmd   0x0000000000000b48       0x12 ./src/xbee.o
                0x0000000000000b48                getCmd
 .text.display_write
                0x0000000000000b5a       0x86 /home/defaultuser/nibolib/lib/libnibo2.a(display.o)
                0x0000000000000b5a                display_write
 .text.display_read
                0x0000000000000be0       0x82 /home/defaultuser/nibolib/lib/libnibo2.a(display.o)
                0x0000000000000be0                display_read
 .text.display_wait
                0x0000000000000c62       0x34 /home/defaultuser/nibolib/lib/libnibo2.a(display.o)
                0x0000000000000c62                display_wait
 .text.display_init
                0x0000000000000c96       0xbc /home/defaultuser/nibolib/lib/libnibo2.a(display.o)
                0x0000000000000c96                display_init
 .text.pwm_init
                0x0000000000000d52       0x64 /home/defaultuser/nibolib/lib/libnibo2.a(pwm.o)
                0x0000000000000d52                pwm_init
 .text.__vector_14
                0x0000000000000db6      0x108 /home/defaultuser/nibolib/lib/libnibo2.a(pwm.o)
                0x0000000000000db6                __vector_14
 .text.delay    0x0000000000000ebe       0x14 /home/defaultuser/nibolib/lib/libnibo2.a(delay.o)
                0x0000000000000ebe                delay
 .text.spi_restart_transmission
                0x0000000000000ed2       0x3a /home/defaultuser/nibolib/lib/libnibo2.a(spi.o)
                0x0000000000000ed2                spi_restart_transmission
 .text.spi_init
                0x0000000000000f0c       0x10 /home/defaultuser/nibolib/lib/libnibo2.a(spi.o)
                0x0000000000000f0c                spi_init
 .text.__vector_17
                0x0000000000000f1c      0x12e /home/defaultuser/nibolib/lib/libnibo2.a(spi.o)
                0x0000000000000f1c                __vector_17
 .text.gfx_get_x
                0x000000000000104a        0x6 /home/defaultuser/nibolib/lib/libnibo2.a(gfx.o)
                0x000000000000104a                gfx_get_x
 .text.gfx_get_y
                0x0000000000001050        0x6 /home/defaultuser/nibolib/lib/libnibo2.a(gfx.o)
                0x0000000000001050                gfx_get_y
 .text.gfx_draw_mode
                0x0000000000001056        0x6 /home/defaultuser/nibolib/lib/libnibo2.a(gfx.o)
                0x0000000000001056                gfx_draw_mode
 .text.gfx_char_width
                0x000000000000105c       0x40 /home/defaultuser/nibolib/lib/libnibo2.a(gfx.o)
                0x000000000000105c                gfx_char_width
 .text.gfx_text_width
                0x000000000000109c       0x26 /home/defaultuser/nibolib/lib/libnibo2.a(gfx.o)
                0x000000000000109c                gfx_text_width
 .text.gfx_text_width_P
                0x00000000000010c2       0x2e /home/defaultuser/nibolib/lib/libnibo2.a(gfx.o)
                0x00000000000010c2                gfx_text_width_P
 .text.gfx_set_proportional
                0x00000000000010f0        0x6 /home/defaultuser/nibolib/lib/libnibo2.a(gfx.o)
                0x00000000000010f0                gfx_set_proportional
 .text.gfx_get_proportional
                0x00000000000010f6        0x6 /home/defaultuser/nibolib/lib/libnibo2.a(gfx.o)
                0x00000000000010f6                gfx_get_proportional
 .text.gfx_term_goto
                0x00000000000010fc       0x12 /home/defaultuser/nibolib/lib/libnibo2.a(gfx.o)
                0x00000000000010fc                gfx_term_goto
 .text.gfx_store_disp_tile
                0x000000000000110e       0xae /home/defaultuser/nibolib/lib/libnibo2.a(gfx.o)
 .text.gfx_fill
                0x00000000000011bc       0x74 /home/defaultuser/nibolib/lib/libnibo2.a(gfx.o)
                0x00000000000011bc                gfx_fill
 .text.gfx_term_clear
                0x0000000000001230       0x10 /home/defaultuser/nibolib/lib/libnibo2.a(gfx.o)
                0x0000000000001230                gfx_term_clear
 .text.gfx_init
                0x0000000000001240       0x7e /home/defaultuser/nibolib/lib/libnibo2.a(gfx.o)
                0x0000000000001240                gfx_init
 .text.gfx_move
                0x00000000000012be       0x6a /home/defaultuser/nibolib/lib/libnibo2.a(gfx.o)
                0x00000000000012be                gfx_move
 .text.gfx_term_scroll
                0x0000000000001328       0xe4 /home/defaultuser/nibolib/lib/libnibo2.a(gfx.o)
                0x0000000000001328                gfx_term_scroll
 .text.gfx_display_write2
                0x000000000000140c       0x90 /home/defaultuser/nibolib/lib/libnibo2.a(gfx.o)
                0x000000000000140c                gfx_display_write2
 .text.gfx_pixel
                0x000000000000149c       0x26 /home/defaultuser/nibolib/lib/libnibo2.a(gfx.o)
                0x000000000000149c                gfx_pixel
 .text.gfx_draw_xbm_P
                0x00000000000014c2      0x1a4 /home/defaultuser/nibolib/lib/libnibo2.a(gfx.o)
                0x00000000000014c2                gfx_draw_xbm_P
 .text.gfx_draw_xbm
                0x0000000000001666      0x1a4 /home/defaultuser/nibolib/lib/libnibo2.a(gfx.o)
                0x0000000000001666                gfx_draw_xbm
 .text.gfx_box  0x000000000000180a       0x9a /home/defaultuser/nibolib/lib/libnibo2.a(gfx.o)
                0x000000000000180a                gfx_box
 .text.gfx_vline
                0x00000000000018a4        0xa /home/defaultuser/nibolib/lib/libnibo2.a(gfx.o)
                0x00000000000018a4                gfx_vline
 .text.gfx_hline
                0x00000000000018ae       0x30 /home/defaultuser/nibolib/lib/libnibo2.a(gfx.o)
                0x00000000000018ae                gfx_hline
 .text.gfx_lineTo
                0x00000000000018de      0x112 /home/defaultuser/nibolib/lib/libnibo2.a(gfx.o)
                0x00000000000018de                gfx_lineTo
 .text.gfx_print_char_base
                0x00000000000019f0       0xe0 /home/defaultuser/nibolib/lib/libnibo2.a(gfx.o)
                0x00000000000019f0                gfx_print_char_base
 .text.gfx_print_char
                0x0000000000001ad0       0x48 /home/defaultuser/nibolib/lib/libnibo2.a(gfx.o)
                0x0000000000001ad0                gfx_print_char
 .text.gfx_term_print
                0x0000000000001b18       0x88 /home/defaultuser/nibolib/lib/libnibo2.a(gfx.o)
                0x0000000000001b18                gfx_term_print
 .text.gfx_print_text_P
                0x0000000000001ba0       0x22 /home/defaultuser/nibolib/lib/libnibo2.a(gfx.o)
                0x0000000000001ba0                gfx_print_text_P
 .text.gfx_print_text
                0x0000000000001bc2       0x1a /home/defaultuser/nibolib/lib/libnibo2.a(gfx.o)
                0x0000000000001bc2                gfx_print_text
 .text._copro_check_busy
                0x0000000000001bdc       0x26 /home/defaultuser/nibolib/lib/libnibo2.a(copro.o)
                0x0000000000001bdc                _copro_check_busy
 .text.copro_update
                0x0000000000001c02      0x138 /home/defaultuser/nibolib/lib/libnibo2.a(copro.o)
                0x0000000000001c02                copro_update
 .text.copro_stop
                0x0000000000001d3a        0xc /home/defaultuser/nibolib/lib/libnibo2.a(copro.o)
                0x0000000000001d3a                copro_stop
 .text.copro_stopImmediate
                0x0000000000001d46        0xe /home/defaultuser/nibolib/lib/libnibo2.a(copro.o)
                0x0000000000001d46                copro_stopImmediate
 .text.copro_setPWM
                0x0000000000001d54       0x1e /home/defaultuser/nibolib/lib/libnibo2.a(copro.o)
                0x0000000000001d54                copro_setPWM
 .text.copro_setSpeed
                0x0000000000001d72       0x1e /home/defaultuser/nibolib/lib/libnibo2.a(copro.o)
                0x0000000000001d72                copro_setSpeed
 .text.copro_setTargetAbs
                0x0000000000001d90       0x42 /home/defaultuser/nibolib/lib/libnibo2.a(copro.o)
                0x0000000000001d90                copro_setTargetAbs
 .text.copro_setTargetRel
                0x0000000000001dd2       0x26 /home/defaultuser/nibolib/lib/libnibo2.a(copro.o)
                0x0000000000001dd2                copro_setTargetRel
 .text.copro_setSpeedParameters
                0x0000000000001df8       0x2e /home/defaultuser/nibolib/lib/libnibo2.a(copro.o)
                0x0000000000001df8                copro_setSpeedParameters
 .text.copro_setPositionParameters
                0x0000000000001e26        0x4 /home/defaultuser/nibolib/lib/libnibo2.a(copro.o)
                0x0000000000001e26                copro_setPositionParameters
 .text.copro_resetOdometry
                0x0000000000001e2a       0x54 /home/defaultuser/nibolib/lib/libnibo2.a(copro.o)
                0x0000000000001e2a                copro_resetOdometry
 .text.copro_ir_stop
                0x0000000000001e7e       0x20 /home/defaultuser/nibolib/lib/libnibo2.a(copro.o)
                0x0000000000001e7e                copro_ir_stop
 .text.copro_ir_startMeasure
                0x0000000000001e9e       0x20 /home/defaultuser/nibolib/lib/libnibo2.a(copro.o)
                0x0000000000001e9e                copro_ir_startMeasure
 .text.copro_transmitRC5
                0x0000000000001ebe       0x2a /home/defaultuser/nibolib/lib/libnibo2.a(copro.o)
                0x0000000000001ebe                copro_transmitRC5
 .text.spi_finished_callback
                0x0000000000001ee8       0xac /home/defaultuser/nibolib/lib/libnibo2.a(copro.o)
                0x0000000000001ee8                spi_finished_callback
 .text.bot_update
                0x0000000000001f94       0x10 /home/defaultuser/nibolib/lib/libnibo2.a(bot.o)
                0x0000000000001f94                bot_update
 .text.bot_init
                0x0000000000001fa4       0x18 /home/defaultuser/nibolib/lib/libnibo2.a(bot.o)
                0x0000000000001fa4                bot_init
 .text.leds_init
                0x0000000000001fbc       0x10 /home/defaultuser/nibolib/lib/libnibo2.a(leds.o)
                0x0000000000001fbc                leds_init
 .text.leds_set_status
                0x0000000000001fcc       0x66 /home/defaultuser/nibolib/lib/libnibo2.a(leds.o)
                0x0000000000001fcc                leds_set_status
 .text.leds_set_status_intensity
                0x0000000000002032        0xa /home/defaultuser/nibolib/lib/libnibo2.a(leds.o)
                0x0000000000002032                leds_set_status_intensity
 .text.leds_get_status_intensity
                0x000000000000203c        0xa /home/defaultuser/nibolib/lib/libnibo2.a(leds.o)
                0x000000000000203c                leds_get_status_intensity
 .text.leds_set_headlights
                0x0000000000002046        0xa /home/defaultuser/nibolib/lib/libnibo2.a(leds.o)
                0x0000000000002046                leds_set_headlights
 .text.leds_get_headlights
                0x0000000000002050        0xa /home/defaultuser/nibolib/lib/libnibo2.a(leds.o)
                0x0000000000002050                leds_get_headlights
 .text.leds_set_displaylight
                0x000000000000205a        0xa /home/defaultuser/nibolib/lib/libnibo2.a(leds.o)
                0x000000000000205a                leds_set_displaylight
 .text.leds_get_displaylight
                0x0000000000002064        0xa /home/defaultuser/nibolib/lib/libnibo2.a(leds.o)
                0x0000000000002064                leds_get_displaylight
 .text.adc_init
                0x000000000000206e       0x26 /home/defaultuser/nibolib/lib/libnibo2.a(adc.o)
                0x000000000000206e                adc_init
 .text.adc_read
                0x0000000000002094       0x3c /home/defaultuser/nibolib/lib/libnibo2.a(adc.o)
                0x0000000000002094                adc_read
 .text.adc_get_random_seed
                0x00000000000020d0        0xa /home/defaultuser/nibolib/lib/libnibo2.a(adc.o)
                0x00000000000020d0                adc_get_random_seed
 .text.avr-libc
                0x00000000000020da      0x748 /usr/lib/gcc/avr/4.8.1/../../../avr/lib/avr51/libprintf_flt.a(vfprintf_flt.o)
                0x00000000000020da                vfprintf
 .text.avr-libc.fplib
                0x0000000000002822        0xa /usr/lib/gcc/avr/4.8.1/../../../avr/lib/avr51/libm.a(addsf3.o)
                0x0000000000002822                __subsf3
                0x0000000000002824                __addsf3
 .text.avr-libc.fplib
                0x000000000000282c       0xc0 /usr/lib/gcc/avr/4.8.1/../../../avr/lib/avr51/libm.a(addsf3x.o)
                0x0000000000002846                __addsf3x
 .text.avr-libc.fplib
                0x00000000000028ec       0x7a /usr/lib/gcc/avr/4.8.1/../../../avr/lib/avr51/libm.a(floatsisf.o)
                0x00000000000028ec                __floatunsisf
                0x00000000000028f0                __floatsisf
 .text.avr-libc.fplib
                0x0000000000002966        0xc /usr/lib/gcc/avr/4.8.1/../../../avr/lib/avr51/libm.a(fp_inf.o)
                0x0000000000002966                __fp_inf
 .text.avr-libc.fplib
                0x0000000000002972        0x6 /usr/lib/gcc/avr/4.8.1/../../../avr/lib/avr51/libm.a(fp_nan.o)
                0x0000000000002972                __fp_nan
 .text.avr-libc.fplib
                0x0000000000002978        0xe /usr/lib/gcc/avr/4.8.1/../../../avr/lib/avr51/libm.a(fp_pscA.o)
                0x0000000000002978                __fp_pscA
 .text.avr-libc.fplib
                0x0000000000002986        0xe /usr/lib/gcc/avr/4.8.1/../../../avr/lib/avr51/libm.a(fp_pscB.o)
                0x0000000000002986                __fp_pscB
 .text.avr-libc.fplib
                0x0000000000002994       0x22 /usr/lib/gcc/avr/4.8.1/../../../avr/lib/avr51/libm.a(fp_round.o)
                0x0000000000002994                __fp_round
 .text.avr-libc.fplib
                0x00000000000029b6       0x44 /usr/lib/gcc/avr/4.8.1/../../../avr/lib/avr51/libm.a(fp_split3.o)
                0x00000000000029b6                __fp_split3
                0x00000000000029c6                __fp_splitA
 .text.avr-libc.fplib
                0x00000000000029fa        0xe /usr/lib/gcc/avr/4.8.1/../../../avr/lib/avr51/libm.a(fp_zero.o)
                0x00000000000029fa                __fp_zero
                0x00000000000029fc                __fp_szero
 .text.avr-libc.fplib
                0x0000000000002a08        0x4 /usr/lib/gcc/avr/4.8.1/../../../avr/lib/avr51/libm.a(mulsf3.o)
                0x0000000000002a08                __mulsf3
 .text.avr-libc.fplib
                0x0000000000002a0c       0xc2 /usr/lib/gcc/avr/4.8.1/../../../avr/lib/avr51/libm.a(mulsf3x.o)
                0x0000000000002a20                __mulsf3x
                0x0000000000002a24                __mulsf3_pse
 .text.libgcc.mul
                0x0000000000002ace        0x0 /usr/lib/gcc/avr/4.8.1/avr51/libgcc.a(_udivmodhi4.o)
 .text.libgcc.div
                0x0000000000002ace       0x28 /usr/lib/gcc/avr/4.8.1/avr51/libgcc.a(_udivmodhi4.o)
                0x0000000000002ace                __udivmodhi4
 .text.libgcc   0x0000000000002af6        0x0 /usr/lib/gcc/avr/4.8.1/avr51/libgcc.a(_udivmodhi4.o)
 .text.libgcc.prologue
                0x0000000000002af6        0x0 /usr/lib/gcc/avr/4.8.1/avr51/libgcc.a(_udivmodhi4.o)
 .text.libgcc.builtins
                0x0000000000002af6        0x0 /usr/lib/gcc/avr/4.8.1/avr51/libgcc.a(_udivmodhi4.o)
 .text.libgcc.fmul
                0x0000000000002af6        0x0 /usr/lib/gcc/avr/4.8.1/avr51/libgcc.a(_udivmodhi4.o)
 .text.libgcc.fixed
                0x0000000000002af6        0x0 /usr/lib/gcc/avr/4.8.1/avr51/libgcc.a(_udivmodhi4.o)
 .text.libgcc.mul
                0x0000000000002af6        0x0 /usr/lib/gcc/avr/4.8.1/avr51/libgcc.a(_divmodhi4.o)
 .text.libgcc.div
                0x0000000000002af6       0x28 /usr/lib/gcc/avr/4.8.1/avr51/libgcc.a(_divmodhi4.o)
                0x0000000000002af6                __divmodhi4
                0x0000000000002af6                _div
 .text.libgcc   0x0000000000002b1e        0x0 /usr/lib/gcc/avr/4.8.1/avr51/libgcc.a(_divmodhi4.o)
 .text.libgcc.prologue
                0x0000000000002b1e        0x0 /usr/lib/gcc/avr/4.8.1/avr51/libgcc.a(_divmodhi4.o)
 .text.libgcc.builtins
                0x0000000000002b1e        0x0 /usr/lib/gcc/avr/4.8.1/avr51/libgcc.a(_divmodhi4.o)
 .text.libgcc.fmul
                0x0000000000002b1e        0x0 /usr/lib/gcc/avr/4.8.1/avr51/libgcc.a(_divmodhi4.o)
 .text.libgcc.fixed
                0x0000000000002b1e        0x0 /usr/lib/gcc/avr/4.8.1/avr51/libgcc.a(_divmodhi4.o)
 .text.libgcc.mul
                0x0000000000002b1e        0x0 /usr/lib/gcc/avr/4.8.1/avr51/libgcc.a(_udivmodsi4.o)
 .text.libgcc.div
                0x0000000000002b1e       0x44 /usr/lib/gcc/avr/4.8.1/avr51/libgcc.a(_udivmodsi4.o)
                0x0000000000002b1e                __udivmodsi4
 .text.libgcc   0x0000000000002b62        0x0 /usr/lib/gcc/avr/4.8.1/avr51/libgcc.a(_udivmodsi4.o)
 .text.libgcc.prologue
                0x0000000000002b62        0x0 /usr/lib/gcc/avr/4.8.1/avr51/libgcc.a(_udivmodsi4.o)
 .text.libgcc.builtins
                0x0000000000002b62        0x0 /usr/lib/gcc/avr/4.8.1/avr51/libgcc.a(_udivmodsi4.o)
 .text.libgcc.fmul
                0x0000000000002b62        0x0 /usr/lib/gcc/avr/4.8.1/avr51/libgcc.a(_udivmodsi4.o)
 .text.libgcc.fixed
                0x0000000000002b62        0x0 /usr/lib/gcc/avr/4.8.1/avr51/libgcc.a(_udivmodsi4.o)
 .text.libgcc.mul
                0x0000000000002b62        0x0 /usr/lib/gcc/avr/4.8.1/avr51/libgcc.a(_exit.o)
 .text.libgcc.div
                0x0000000000002b62        0x0 /usr/lib/gcc/avr/4.8.1/avr51/libgcc.a(_exit.o)
 .text.libgcc   0x0000000000002b62        0x0 /usr/lib/gcc/avr/4.8.1/avr51/libgcc.a(_exit.o)
 .text.libgcc.prologue
                0x0000000000002b62        0x0 /usr/lib/gcc/avr/4.8.1/avr51/libgcc.a(_exit.o)
 .text.libgcc.builtins
                0x0000000000002b62        0x0 /usr/lib/gcc/avr/4.8.1/avr51/libgcc.a(_exit.o)
 .text.libgcc.fmul
                0x0000000000002b62        0x0 /usr/lib/gcc/avr/4.8.1/avr51/libgcc.a(_exit.o)
 .text.libgcc.fixed
                0x0000000000002b62        0x0 /usr/lib/gcc/avr/4.8.1/avr51/libgcc.a(_exit.o)
 .text.libgcc.mul
                0x0000000000002b62        0x0 /usr/lib/gcc/avr/4.8.1/avr51/libgcc.a(_copy_data.o)
 .text.libgcc.div
                0x0000000000002b62        0x0 /usr/lib/gcc/avr/4.8.1/avr51/libgcc.a(_copy_data.o)
 .text.libgcc   0x0000000000002b62        0x0 /usr/lib/gcc/avr/4.8.1/avr51/libgcc.a(_copy_data.o)
 .text.libgcc.prologue
                0x0000000000002b62        0x0 /usr/lib/gcc/avr/4.8.1/avr51/libgcc.a(_copy_data.o)
 .text.libgcc.builtins
                0x0000000000002b62        0x0 /usr/lib/gcc/avr/4.8.1/avr51/libgcc.a(_copy_data.o)
 .text.libgcc.fmul
                0x0000000000002b62        0x0 /usr/lib/gcc/avr/4.8.1/avr51/libgcc.a(_copy_data.o)
 .text.libgcc.fixed
                0x0000000000002b62        0x0 /usr/lib/gcc/avr/4.8.1/avr51/libgcc.a(_copy_data.o)
 .text.libgcc.mul
                0x0000000000002b62        0x0 /usr/lib/gcc/avr/4.8.1/avr51/libgcc.a(_clear_bss.o)
 .text.libgcc.div
                0x0000000000002b62        0x0 /usr/lib/gcc/avr/4.8.1/avr51/libgcc.a(_clear_bss.o)
 .text.libgcc   0x0000000000002b62        0x0 /usr/lib/gcc/avr/4.8.1/avr51/libgcc.a(_clear_bss.o)
 .text.libgcc.prologue
                0x0000000000002b62        0x0 /usr/lib/gcc/avr/4.8.1/avr51/libgcc.a(_clear_bss.o)
 .text.libgcc.builtins
                0x0000000000002b62        0x0 /usr/lib/gcc/avr/4.8.1/avr51/libgcc.a(_clear_bss.o)
 .text.libgcc.fmul
                0x0000000000002b62        0x0 /usr/lib/gcc/avr/4.8.1/avr51/libgcc.a(_clear_bss.o)
 .text.libgcc.fixed
                0x0000000000002b62        0x0 /usr/lib/gcc/avr/4.8.1/avr51/libgcc.a(_clear_bss.o)
 .text.avr-libc
                0x0000000000002b62      0x1b0 /usr/lib/gcc/avr/4.8.1/../../../avr/lib/avr51/libc.a(ftoa_engine.o)
                0x0000000000002b62                __ftoa_engine
 .text.avr-libc
                0x0000000000002d12       0x16 /usr/lib/gcc/avr/4.8.1/../../../avr/lib/avr51/libc.a(strnlen_P.o)
                0x0000000000002d12                strnlen_P
 .text.avr-libc
                0x0000000000002d28        0xe /usr/lib/gcc/avr/4.8.1/../../../avr/lib/avr51/libc.a(strcpy.o)
                0x0000000000002d28                strcpy
 .text.avr-libc
                0x0000000000002d36       0x16 /usr/lib/gcc/avr/4.8.1/../../../avr/lib/avr51/libc.a(strnlen.o)
                0x0000000000002d36                strnlen
 .text.avr-libc
                0x0000000000002d4c       0x64 /usr/lib/gcc/avr/4.8.1/../../../avr/lib/avr51/libc.a(fputc.o)
                0x0000000000002d4c                fputc
 .text.avr-libc
                0x0000000000002db0       0x5e /usr/lib/gcc/avr/4.8.1/../../../avr/lib/avr51/libc.a(sprintf.o)
                0x0000000000002db0                sprintf
 .text.avr-libc
                0x0000000000002e0e       0xbc /usr/lib/gcc/avr/4.8.1/../../../avr/lib/avr51/libc.a(ultoa_invert.o)
                0x0000000000002e0e                __ultoa_invert
                0x0000000000002eca                . = ALIGN (0x2)
 *(.fini9)
 .fini9         0x0000000000002eca        0x0 /usr/lib/gcc/avr/4.8.1/avr51/libgcc.a(_exit.o)
                0x0000000000002eca                exit
                0x0000000000002eca                _exit
 *(.fini9)
 *(.fini8)
 *(.fini8)
 *(.fini7)
 *(.fini7)
 *(.fini6)
 *(.fini6)
 *(.fini5)
 *(.fini5)
 *(.fini4)
 *(.fini4)
 *(.fini3)
 *(.fini3)
 *(.fini2)
 *(.fini2)
 *(.fini1)
 *(.fini1)
 *(.fini0)
 .fini0         0x0000000000002eca        0x4 /usr/lib/gcc/avr/4.8.1/avr51/libgcc.a(_exit.o)
 *(.fini0)
                0x0000000000002ece                _etext = .

.data           0x0000000000800100      0x284 load address 0x0000000000002ece
                0x0000000000800100                PROVIDE (__data_start, .)
 *(.data)
 .data          0x0000000000800100        0x0 /usr/lib/gcc/avr/4.8.1/../../../avr/lib/avr51/crtm128.o
 .data          0x0000000000800100        0x0 ./src/display.o
 .data          0x0000000000800100        0x0 ./src/drive.o
 .data          0x0000000000800100        0x0 ./src/helloMotors.o
 .data          0x0000000000800100        0x0 ./src/main.o
 .data          0x0000000000800100        0x0 ./src/n2switchS3.o
 .data          0x0000000000800100        0x0 ./src/nibo_leds.o
 .data          0x0000000000800100        0x0 ./src/uart0.o
 .data          0x0000000000800100        0x0 ./src/xbee.o
 .data          0x0000000000800100        0x0 /home/defaultuser/nibolib/lib/libnibo2.a(display.o)
 .data          0x0000000000800100        0x0 /home/defaultuser/nibolib/lib/libnibo2.a(pwm.o)
 .data          0x0000000000800100        0x0 /home/defaultuser/nibolib/lib/libnibo2.a(delay.o)
 .data          0x0000000000800100        0x0 /home/defaultuser/nibolib/lib/libnibo2.a(spi.o)
 .data          0x0000000000800100      0x240 /home/defaultuser/nibolib/lib/libnibo2.a(gfx.o)
                0x0000000000800100                fontTiles
 .data          0x0000000000800340        0x0 /home/defaultuser/nibolib/lib/libnibo2.a(copro.o)
 .data          0x0000000000800340        0x0 /home/defaultuser/nibolib/lib/libnibo2.a(bot.o)
 .data          0x0000000000800340        0x0 /home/defaultuser/nibolib/lib/libnibo2.a(leds.o)
 .data          0x0000000000800340        0x0 /home/defaultuser/nibolib/lib/libnibo2.a(adc.o)
 .data          0x0000000000800340        0x0 /usr/lib/gcc/avr/4.8.1/../../../avr/lib/avr51/libprintf_flt.a(vfprintf_flt.o)
 .data          0x0000000000800340        0x0 /usr/lib/gcc/avr/4.8.1/../../../avr/lib/avr51/libm.a(addsf3.o)
 .data          0x0000000000800340        0x0 /usr/lib/gcc/avr/4.8.1/../../../avr/lib/avr51/libm.a(addsf3x.o)
 .data          0x0000000000800340        0x0 /usr/lib/gcc/avr/4.8.1/../../../avr/lib/avr51/libm.a(floatsisf.o)
 .data          0x0000000000800340        0x0 /usr/lib/gcc/avr/4.8.1/../../../avr/lib/avr51/libm.a(fp_inf.o)
 .data          0x0000000000800340        0x0 /usr/lib/gcc/avr/4.8.1/../../../avr/lib/avr51/libm.a(fp_nan.o)
 .data          0x0000000000800340        0x0 /usr/lib/gcc/avr/4.8.1/../../../avr/lib/avr51/libm.a(fp_pscA.o)
 .data          0x0000000000800340        0x0 /usr/lib/gcc/avr/4.8.1/../../../avr/lib/avr51/libm.a(fp_pscB.o)
 .data          0x0000000000800340        0x0 /usr/lib/gcc/avr/4.8.1/../../../avr/lib/avr51/libm.a(fp_round.o)
 .data          0x0000000000800340        0x0 /usr/lib/gcc/avr/4.8.1/../../../avr/lib/avr51/libm.a(fp_split3.o)
 .data          0x0000000000800340        0x0 /usr/lib/gcc/avr/4.8.1/../../../avr/lib/avr51/libm.a(fp_zero.o)
 .data          0x0000000000800340        0x0 /usr/lib/gcc/avr/4.8.1/../../../avr/lib/avr51/libm.a(mulsf3.o)
 .data          0x0000000000800340        0x0 /usr/lib/gcc/avr/4.8.1/../../../avr/lib/avr51/libm.a(mulsf3x.o)
 .data          0x0000000000800340        0x0 /usr/lib/gcc/avr/4.8.1/avr51/libgcc.a(_udivmodhi4.o)
 .data          0x0000000000800340        0x0 /usr/lib/gcc/avr/4.8.1/avr51/libgcc.a(_divmodhi4.o)
 .data          0x0000000000800340        0x0 /usr/lib/gcc/avr/4.8.1/avr51/libgcc.a(_udivmodsi4.o)
 .data          0x0000000000800340        0x0 /usr/lib/gcc/avr/4.8.1/avr51/libgcc.a(_exit.o)
 .data          0x0000000000800340        0x0 /usr/lib/gcc/avr/4.8.1/avr51/libgcc.a(_copy_data.o)
 .data          0x0000000000800340        0x0 /usr/lib/gcc/avr/4.8.1/avr51/libgcc.a(_clear_bss.o)
 .data          0x0000000000800340        0x0 /usr/lib/gcc/avr/4.8.1/../../../avr/lib/avr51/libc.a(ftoa_engine.o)
 .data          0x0000000000800340        0x0 /usr/lib/gcc/avr/4.8.1/../../../avr/lib/avr51/libc.a(strnlen_P.o)
 .data          0x0000000000800340        0x0 /usr/lib/gcc/avr/4.8.1/../../../avr/lib/avr51/libc.a(strcpy.o)
 .data          0x0000000000800340        0x0 /usr/lib/gcc/avr/4.8.1/../../../avr/lib/avr51/libc.a(strnlen.o)
 .data          0x0000000000800340        0x0 /usr/lib/gcc/avr/4.8.1/../../../avr/lib/avr51/libc.a(fputc.o)
 .data          0x0000000000800340        0x0 /usr/lib/gcc/avr/4.8.1/../../../avr/lib/avr51/libc.a(sprintf.o)
 .data          0x0000000000800340        0x0 /usr/lib/gcc/avr/4.8.1/../../../avr/lib/avr51/libc.a(ultoa_invert.o)
 *(.data*)
 .data.last_cmd
                0x0000000000800340        0x1 ./src/main.o
                0x0000000000800340                last_cmd
 .data.mode     0x0000000000800341        0x1 ./src/main.o
                0x0000000000800341                mode
 *(.rodata)
 *(.rodata*)
 .rodata.str1.1
                0x0000000000800342       0x24 ./src/display.o
 .rodata.str1.1
                0x0000000000800366       0x1e ./src/main.o
 *(.gnu.linkonce.d*)
                0x0000000000800384                . = ALIGN (0x2)
                0x0000000000800384                _edata = .
                0x0000000000800384                PROVIDE (__data_end, .)

.bss            0x0000000000800384      0x157
                0x0000000000800384                PROVIDE (__bss_start, .)
 *(.bss)
 .bss           0x0000000000800384        0x0 /usr/lib/gcc/avr/4.8.1/../../../avr/lib/avr51/crtm128.o
 .bss           0x0000000000800384        0x0 ./src/display.o
 .bss           0x0000000000800384        0x0 ./src/drive.o
 .bss           0x0000000000800384        0x0 ./src/helloMotors.o
 .bss           0x0000000000800384        0x0 ./src/main.o
 .bss           0x0000000000800384        0x0 ./src/n2switchS3.o
 .bss           0x0000000000800384        0x0 ./src/nibo_leds.o
 .bss           0x0000000000800384        0x0 ./src/uart0.o
 .bss           0x0000000000800384        0x0 ./src/xbee.o
 .bss           0x0000000000800384        0x0 /home/defaultuser/nibolib/lib/libnibo2.a(display.o)
 .bss           0x0000000000800384        0x0 /home/defaultuser/nibolib/lib/libnibo2.a(pwm.o)
 .bss           0x0000000000800384        0x0 /home/defaultuser/nibolib/lib/libnibo2.a(delay.o)
 .bss           0x0000000000800384        0x0 /home/defaultuser/nibolib/lib/libnibo2.a(spi.o)
 .bss           0x0000000000800384        0x0 /home/defaultuser/nibolib/lib/libnibo2.a(gfx.o)
 .bss           0x0000000000800384        0x0 /home/defaultuser/nibolib/lib/libnibo2.a(copro.o)
 .bss           0x0000000000800384        0x0 /home/defaultuser/nibolib/lib/libnibo2.a(bot.o)
 .bss           0x0000000000800384        0x0 /home/defaultuser/nibolib/lib/libnibo2.a(leds.o)
 .bss           0x0000000000800384        0x0 /home/defaultuser/nibolib/lib/libnibo2.a(adc.o)
 .bss           0x0000000000800384        0x0 /usr/lib/gcc/avr/4.8.1/../../../avr/lib/avr51/libprintf_flt.a(vfprintf_flt.o)
 .bss           0x0000000000800384        0x0 /usr/lib/gcc/avr/4.8.1/../../../avr/lib/avr51/libm.a(addsf3.o)
 .bss           0x0000000000800384        0x0 /usr/lib/gcc/avr/4.8.1/../../../avr/lib/avr51/libm.a(addsf3x.o)
 .bss           0x0000000000800384        0x0 /usr/lib/gcc/avr/4.8.1/../../../avr/lib/avr51/libm.a(floatsisf.o)
 .bss           0x0000000000800384        0x0 /usr/lib/gcc/avr/4.8.1/../../../avr/lib/avr51/libm.a(fp_inf.o)
 .bss           0x0000000000800384        0x0 /usr/lib/gcc/avr/4.8.1/../../../avr/lib/avr51/libm.a(fp_nan.o)
 .bss           0x0000000000800384        0x0 /usr/lib/gcc/avr/4.8.1/../../../avr/lib/avr51/libm.a(fp_pscA.o)
 .bss           0x0000000000800384        0x0 /usr/lib/gcc/avr/4.8.1/../../../avr/lib/avr51/libm.a(fp_pscB.o)
 .bss           0x0000000000800384        0x0 /usr/lib/gcc/avr/4.8.1/../../../avr/lib/avr51/libm.a(fp_round.o)
 .bss           0x0000000000800384        0x0 /usr/lib/gcc/avr/4.8.1/../../../avr/lib/avr51/libm.a(fp_split3.o)
 .bss           0x0000000000800384        0x0 /usr/lib/gcc/avr/4.8.1/../../../avr/lib/avr51/libm.a(fp_zero.o)
 .bss           0x0000000000800384        0x0 /usr/lib/gcc/avr/4.8.1/../../../avr/lib/avr51/libm.a(mulsf3.o)
 .bss           0x0000000000800384        0x0 /usr/lib/gcc/avr/4.8.1/../../../avr/lib/avr51/libm.a(mulsf3x.o)
 .bss           0x0000000000800384        0x0 /usr/lib/gcc/avr/4.8.1/avr51/libgcc.a(_udivmodhi4.o)
 .bss           0x0000000000800384        0x0 /usr/lib/gcc/avr/4.8.1/avr51/libgcc.a(_divmodhi4.o)
 .bss           0x0000000000800384        0x0 /usr/lib/gcc/avr/4.8.1/avr51/libgcc.a(_udivmodsi4.o)
 .bss           0x0000000000800384        0x0 /usr/lib/gcc/avr/4.8.1/avr51/libgcc.a(_exit.o)
 .bss           0x0000000000800384        0x0 /usr/lib/gcc/avr/4.8.1/avr51/libgcc.a(_copy_data.o)
 .bss           0x0000000000800384        0x0 /usr/lib/gcc/avr/4.8.1/avr51/libgcc.a(_clear_bss.o)
 .bss           0x0000000000800384        0x0 /usr/lib/gcc/avr/4.8.1/../../../avr/lib/avr51/libc.a(ftoa_engine.o)
 .bss           0x0000000000800384        0x0 /usr/lib/gcc/avr/4.8.1/../../../avr/lib/avr51/libc.a(strnlen_P.o)
 .bss           0x0000000000800384        0x0 /usr/lib/gcc/avr/4.8.1/../../../avr/lib/avr51/libc.a(strcpy.o)
 .bss           0x0000000000800384        0x0 /usr/lib/gcc/avr/4.8.1/../../../avr/lib/avr51/libc.a(strnlen.o)
 .bss           0x0000000000800384        0x0 /usr/lib/gcc/avr/4.8.1/../../../avr/lib/avr51/libc.a(fputc.o)
 .bss           0x0000000000800384        0x0 /usr/lib/gcc/avr/4.8.1/../../../avr/lib/avr51/libc.a(sprintf.o)
 .bss           0x0000000000800384        0x0 /usr/lib/gcc/avr/4.8.1/../../../avr/lib/avr51/libc.a(ultoa_invert.o)
 *(.bss*)
 .bss.counter   0x0000000000800384        0x2 ./src/display.o
                0x0000000000800384                counter
 .bss.line_index
                0x0000000000800386        0x2 ./src/display.o
                0x0000000000800386                line_index
 .bss.display_text
                0x0000000000800388       0x64 ./src/display.o
                0x0000000000800388                display_text
 .bss.l         0x00000000008003ec        0x1 ./src/drive.o
                0x00000000008003ec                l
 .bss.r         0x00000000008003ed        0x1 ./src/drive.o
                0x00000000008003ed                r
 .bss.distance  0x00000000008003ee        0x1 ./src/drive.o
                0x00000000008003ee                distance
 .bss.l_l       0x00000000008003ef        0x2 ./src/helloMotors.o
                0x00000000008003ef                l_l
 .bss.r_r       0x00000000008003f1        0x2 ./src/helloMotors.o
                0x00000000008003f1                r_r
 .bss.dis       0x00000000008003f3        0x2 ./src/helloMotors.o
                0x00000000008003f3                dis
 .bss.text      0x00000000008003f5       0x14 ./src/main.o
                0x00000000008003f5                text
 .bss.auto_flag
                0x0000000000800409        0x1 ./src/main.o
                0x0000000000800409                auto_flag
 *(COMMON)
 COMMON         0x000000000080040a        0x1 ./src/main.o
                0x000000000080040a                drive_result
 COMMON         0x000000000080040b       0x14 ./src/uart0.o
                0x000000000080040b                uart0_txbuf_begin
                0x000000000080040c                uart0_rxbuf
                0x0000000000800414                uart0_txbuf
                0x000000000080041c                uart0_rxbuf_begin
                0x000000000080041d                uart0_rxbuf_end
                0x000000000080041e                uart0_txbuf_end
 COMMON         0x000000000080041f        0x1 /home/defaultuser/nibolib/lib/libnibo2.a(display.o)
                0x000000000080041f                display_type
 COMMON         0x0000000000800420        0xe /home/defaultuser/nibolib/lib/libnibo2.a(pwm.o)
                0x0000000000800420                pwm_channel_A
                0x0000000000800422                pwm_channel_B
                0x0000000000800424                pwm_timer_ms
                0x0000000000800426                pwm_channel_C
                0x0000000000800428                pwm_timer_sub
                0x000000000080042a                pwm_timer_sec
 COMMON         0x000000000080042e       0x3e /home/defaultuser/nibolib/lib/libnibo2.a(spi.o)
                0x000000000080042e                spi_tx_buf
                0x0000000000800449                spi_rx_size
                0x000000000080044a                spi_err_cnt
                0x000000000080044b                spi_tx_size
                0x000000000080044c                spi_frame_cnt
                0x000000000080044d                spi_size
                0x000000000080044e                spi_rx_buf
                0x0000000000800469                spi_tx_chk
                0x000000000080046a                spi_pos
                0x000000000080046b                spi_rx_chk
 COMMON         0x000000000080046c        0xe /home/defaultuser/nibolib/lib/libnibo2.a(gfx.o)
                0x000000000080046c                gfx_dm
                0x000000000080046d                gfx_term_row
                0x000000000080046e                gfx_proportional
                0x000000000080046f                gfx_x
                0x0000000000800470                gfx_tile
                0x0000000000800478                gfx_y
                0x0000000000800479                gfx_term_col
 COMMON         0x000000000080047a       0x5d /home/defaultuser/nibolib/lib/libnibo2.a(copro.o)
                0x000000000080047a                copro_ticks_offset_r
                0x000000000080047c                copro_ticks_offset_l
                0x000000000080047e                copro_current_l
                0x0000000000800480                copro_commands
                0x0000000000800495                copro_ticks_l
                0x0000000000800497                copro_rc5_cmd
                0x0000000000800499                copro_distance
                0x00000000008004a3                copro_pos_x
                0x00000000008004a7                copro_pos_ori
                0x00000000008004ab                copro_speed_r
                0x00000000008004ad                copro_ticks_r
                0x00000000008004af                copro_pos_y
                0x00000000008004b3                copro_ir_mode
                0x00000000008004b4                copro_rc5_count
                0x00000000008004b5                copro_current_r
                0x00000000008004b7                copro_buffer
                0x00000000008004d2                copro_target_distance
                0x00000000008004d4                copro_seq
                0x00000000008004d5                copro_speed_l
 COMMON         0x00000000008004d7        0x2 /home/defaultuser/nibolib/lib/libnibo2.a(bot.o)
                0x00000000008004d7                bot_supply
 COMMON         0x00000000008004d9        0x2 /home/defaultuser/nibolib/lib/libnibo2.a(adc.o)
                0x00000000008004d9                adc_random_seed
                0x00000000008004db                PROVIDE (__bss_end, .)
                0x0000000000002ece                __data_load_start = LOADADDR (.data)
                0x0000000000003152                __data_load_end = (__data_load_start + SIZEOF (.data))

.noinit         0x00000000008004db        0x0
                0x00000000008004db                PROVIDE (__noinit_start, .)
 *(.noinit*)
                0x00000000008004db                PROVIDE (__noinit_end, .)
                0x00000000008004db                _end = .
                0x00000000008004db                PROVIDE (__heap_start, .)

.eeprom         0x0000000000810000        0x0
 *(.eeprom*)
                0x0000000000810000                __eeprom_end = .

.fuse
 *(.fuse)
 *(.lfuse)
 *(.hfuse)
 *(.efuse)

.lock
 *(.lock*)

.signature
 *(.signature*)

.user_signatures
 *(.user_signatures*)

.stab           0x0000000000000000     0x2cb8
 *(.stab)
 .stab          0x0000000000000000      0x768 ./src/display.o
 .stab          0x0000000000000768      0x75c ./src/drive.o
                                        0x93c (size before relaxing)
 .stab          0x0000000000000ec4      0x5a0 ./src/helloMotors.o
                                        0x810 (size before relaxing)
 .stab          0x0000000000001464      0x648 ./src/main.o
                                        0x8e8 (size before relaxing)
 .stab          0x0000000000001aac      0x384 ./src/n2switchS3.o
                                        0x558 (size before relaxing)
 .stab          0x0000000000001e30      0x48c ./src/nibo_leds.o
                                        0x6e4 (size before relaxing)
 .stab          0x00000000000022bc      0x648 ./src/uart0.o
                                        0x810 (size before relaxing)
 .stab          0x0000000000002904      0x3b4 ./src/xbee.o
                                        0x630 (size before relaxing)

.stabstr        0x0000000000000000     0x1547
 *(.stabstr)
 .stabstr       0x0000000000000000     0x1547 ./src/display.o

.stab.excl
 *(.stab.excl)

.stab.exclstr
 *(.stab.exclstr)

.stab.index
 *(.stab.index)

.stab.indexstr
 *(.stab.indexstr)

.comment        0x0000000000000000       0x11
 *(.comment)
 .comment       0x0000000000000000       0x11 ./src/display.o
                                         0x12 (size before relaxing)
 .comment       0x0000000000000000       0x12 ./src/drive.o
 .comment       0x0000000000000000       0x12 ./src/helloMotors.o
 .comment       0x0000000000000000       0x12 ./src/main.o
 .comment       0x0000000000000000       0x12 ./src/n2switchS3.o
 .comment       0x0000000000000000       0x12 ./src/nibo_leds.o
 .comment       0x0000000000000000       0x12 ./src/uart0.o
 .comment       0x0000000000000000       0x12 ./src/xbee.o
 .comment       0x0000000000000000       0x12 /usr/lib/gcc/avr/4.8.1/../../../avr/lib/avr51/libprintf_flt.a(vfprintf_flt.o)
 .comment       0x0000000000000000       0x12 /usr/lib/gcc/avr/4.8.1/../../../avr/lib/avr51/libc.a(fputc.o)
 .comment       0x0000000000000000       0x12 /usr/lib/gcc/avr/4.8.1/../../../avr/lib/avr51/libc.a(sprintf.o)

.note.gnu.build-id
 *(.note.gnu.build-id)

.debug
 *(.debug)

.line
 *(.line)

.debug_srcinfo
 *(.debug_srcinfo)

.debug_sfnames
 *(.debug_sfnames)

.debug_aranges
 *(.debug_aranges)

.debug_pubnames
 *(.debug_pubnames)

.debug_info
 *(.debug_info .gnu.linkonce.wi.*)

.debug_abbrev
 *(.debug_abbrev)

.debug_line
 *(.debug_line .debug_line.* .debug_line_end)

.debug_frame
 *(.debug_frame)

.debug_str
 *(.debug_str)

.debug_loc
 *(.debug_loc)

.debug_macinfo
 *(.debug_macinfo)

.debug_weaknames
 *(.debug_weaknames)

.debug_funcnames
 *(.debug_funcnames)

.debug_typenames
 *(.debug_typenames)

.debug_varnames
 *(.debug_varnames)

.debug_pubtypes
 *(.debug_pubtypes)

.debug_ranges
 *(.debug_ranges)

.debug_macro
 *(.debug_macro)
OUTPUT(NiboIntroduction.elf elf32-avr)
LOAD linker stubs
