Archive member included because of file (symbol)

/home/defaultuser/nibolib/lib/libnibo2.a(display.o)
                              ./src/helloMotors.o (display_init)
/home/defaultuser/nibolib/lib/libnibo2.a(delay.o)
                              ./src/helloMotors.o (delay)
/home/defaultuser/nibolib/lib/libnibo2.a(spi.o)
                              ./src/helloMotors.o (spi_init)
/home/defaultuser/nibolib/lib/libnibo2.a(gfx.o)
                              ./src/helloMotors.o (gfx_fill)
/home/defaultuser/nibolib/lib/libnibo2.a(copro.o)
                              ./src/helloMotors.o (copro_update)
/home/defaultuser/nibolib/lib/libnibo2.a(bot.o)
                              ./src/helloMotors.o (bot_init)
/home/defaultuser/nibolib/lib/libnibo2.a(adc.o)
                              /home/defaultuser/nibolib/lib/libnibo2.a(bot.o) (adc_read)
/usr/lib/gcc/avr/4.8.1/../../../avr/lib/avr51/libprintf_flt.a(vfprintf_flt.o)
                              (vfprintf)
/usr/lib/gcc/avr/4.8.1/avr51/libgcc.a(_udivmodhi4.o)
                              ./src/helloMotors.o (__udivmodhi4)
/usr/lib/gcc/avr/4.8.1/avr51/libgcc.a(_divmodhi4.o)
                              /home/defaultuser/nibolib/lib/libnibo2.a(gfx.o) (__divmodhi4)
/usr/lib/gcc/avr/4.8.1/avr51/libgcc.a(_exit.o)
                              /usr/lib/gcc/avr/4.8.1/../../../avr/lib/avr51/crtm128.o (exit)
/usr/lib/gcc/avr/4.8.1/avr51/libgcc.a(_copy_data.o)
                              ./src/helloMotors.o (__do_copy_data)
/usr/lib/gcc/avr/4.8.1/avr51/libgcc.a(_clear_bss.o)
                              ./src/helloMotors.o (__do_clear_bss)
/usr/lib/gcc/avr/4.8.1/../../../avr/lib/avr51/libc.a(ftoa_engine.o)
                              /usr/lib/gcc/avr/4.8.1/../../../avr/lib/avr51/libprintf_flt.a(vfprintf_flt.o) (__ftoa_engine)
/usr/lib/gcc/avr/4.8.1/../../../avr/lib/avr51/libc.a(strnlen_P.o)
                              /usr/lib/gcc/avr/4.8.1/../../../avr/lib/avr51/libprintf_flt.a(vfprintf_flt.o) (strnlen_P)
/usr/lib/gcc/avr/4.8.1/../../../avr/lib/avr51/libc.a(strnlen.o)
                              /usr/lib/gcc/avr/4.8.1/../../../avr/lib/avr51/libprintf_flt.a(vfprintf_flt.o) (strnlen)
/usr/lib/gcc/avr/4.8.1/../../../avr/lib/avr51/libc.a(fputc.o)
                              /usr/lib/gcc/avr/4.8.1/../../../avr/lib/avr51/libprintf_flt.a(vfprintf_flt.o) (fputc)
/usr/lib/gcc/avr/4.8.1/../../../avr/lib/avr51/libc.a(sprintf.o)
                              ./src/helloMotors.o (sprintf)
/usr/lib/gcc/avr/4.8.1/../../../avr/lib/avr51/libc.a(ultoa_invert.o)
                              /usr/lib/gcc/avr/4.8.1/../../../avr/lib/avr51/libprintf_flt.a(vfprintf_flt.o) (__ultoa_invert)

Allocating common symbols
Common symbol       size              file

copro_ticks_offset_r
                    0x2               /home/defaultuser/nibolib/lib/libnibo2.a(copro.o)
copro_ticks_offset_l
                    0x2               /home/defaultuser/nibolib/lib/libnibo2.a(copro.o)
copro_current_l     0x2               /home/defaultuser/nibolib/lib/libnibo2.a(copro.o)
gfx_dm              0x1               /home/defaultuser/nibolib/lib/libnibo2.a(gfx.o)
adc_random_seed     0x2               /home/defaultuser/nibolib/lib/libnibo2.a(adc.o)
spi_tx_buf          0x1b              /home/defaultuser/nibolib/lib/libnibo2.a(spi.o)
copro_commands      0x15              /home/defaultuser/nibolib/lib/libnibo2.a(copro.o)
spi_rx_size         0x1               /home/defaultuser/nibolib/lib/libnibo2.a(spi.o)
copro_ticks_l       0x2               /home/defaultuser/nibolib/lib/libnibo2.a(copro.o)
copro_rc5_cmd       0x2               /home/defaultuser/nibolib/lib/libnibo2.a(copro.o)
copro_distance      0xa               /home/defaultuser/nibolib/lib/libnibo2.a(copro.o)
spi_err_cnt         0x1               /home/defaultuser/nibolib/lib/libnibo2.a(spi.o)
copro_pos_x         0x4               /home/defaultuser/nibolib/lib/libnibo2.a(copro.o)
copro_pos_ori       0x4               /home/defaultuser/nibolib/lib/libnibo2.a(copro.o)
copro_speed_r       0x2               /home/defaultuser/nibolib/lib/libnibo2.a(copro.o)
spi_tx_size         0x1               /home/defaultuser/nibolib/lib/libnibo2.a(spi.o)
gfx_term_row        0x1               /home/defaultuser/nibolib/lib/libnibo2.a(gfx.o)
gfx_proportional    0x1               /home/defaultuser/nibolib/lib/libnibo2.a(gfx.o)
copro_ticks_r       0x2               /home/defaultuser/nibolib/lib/libnibo2.a(copro.o)
copro_pos_y         0x4               /home/defaultuser/nibolib/lib/libnibo2.a(copro.o)
bot_supply          0x2               /home/defaultuser/nibolib/lib/libnibo2.a(bot.o)
spi_frame_cnt       0x1               /home/defaultuser/nibolib/lib/libnibo2.a(spi.o)
copro_ir_mode       0x1               /home/defaultuser/nibolib/lib/libnibo2.a(copro.o)
spi_size            0x1               /home/defaultuser/nibolib/lib/libnibo2.a(spi.o)
copro_rc5_count     0x1               /home/defaultuser/nibolib/lib/libnibo2.a(copro.o)
display_type        0x1               /home/defaultuser/nibolib/lib/libnibo2.a(display.o)
gfx_x               0x1               /home/defaultuser/nibolib/lib/libnibo2.a(gfx.o)
copro_current_r     0x2               /home/defaultuser/nibolib/lib/libnibo2.a(copro.o)
copro_buffer        0x1b              /home/defaultuser/nibolib/lib/libnibo2.a(copro.o)
spi_rx_buf          0x1b              /home/defaultuser/nibolib/lib/libnibo2.a(spi.o)
gfx_tile            0x8               /home/defaultuser/nibolib/lib/libnibo2.a(gfx.o)
spi_tx_chk          0x1               /home/defaultuser/nibolib/lib/libnibo2.a(spi.o)
spi_pos             0x1               /home/defaultuser/nibolib/lib/libnibo2.a(spi.o)
gfx_y               0x1               /home/defaultuser/nibolib/lib/libnibo2.a(gfx.o)
copro_target_distance
                    0x2               /home/defaultuser/nibolib/lib/libnibo2.a(copro.o)
spi_rx_chk          0x1               /home/defaultuser/nibolib/lib/libnibo2.a(spi.o)
gfx_term_col        0x1               /home/defaultuser/nibolib/lib/libnibo2.a(gfx.o)
copro_seq           0x1               /home/defaultuser/nibolib/lib/libnibo2.a(copro.o)
copro_speed_l       0x2               /home/defaultuser/nibolib/lib/libnibo2.a(copro.o)

Memory Configuration

Name             Origin             Length             Attributes
text             0x0000000000000000 0x0000000000020000 xr
data             0x0000000000800100 0x000000000000ff00 rw !x
eeprom           0x0000000000810000 0x0000000000010000 rw !x
fuse             0x0000000000820000 0x0000000000000400 rw !x
lock             0x0000000000830000 0x0000000000000400 rw !x
signature        0x0000000000840000 0x0000000000000400 rw !x
user_signatures  0x0000000000850000 0x0000000000000400 rw !x
*default*        0x0000000000000000 0xffffffffffffffff

Linker script and memory map

Address of section .data set to 0x800100
LOAD /usr/lib/gcc/avr/4.8.1/../../../avr/lib/avr51/crtm128.o
LOAD ./src/helloMotors.o
LOAD /home/defaultuser/nibolib/lib/libnds3.a
LOAD /home/defaultuser/nibolib/lib/libnibo2.a
LOAD /usr/lib/gcc/avr/4.8.1/../../../avr/lib/avr51/libprintf_flt.a
LOAD /usr/lib/gcc/avr/4.8.1/../../../avr/lib/avr51/libm.a
LOAD /home/defaultuser/nibolib/lib/libuart-0.a
START GROUP
LOAD /usr/lib/gcc/avr/4.8.1/avr51/libgcc.a
LOAD /usr/lib/gcc/avr/4.8.1/../../../avr/lib/avr51/libm.a
LOAD /usr/lib/gcc/avr/4.8.1/../../../avr/lib/avr51/libc.a
END GROUP

.hash
 *(.hash)

.dynsym
 *(.dynsym)

.dynstr
 *(.dynstr)

.gnu.version
 *(.gnu.version)

.gnu.version_d
 *(.gnu.version_d)

.gnu.version_r
 *(.gnu.version_r)

.rel.init
 *(.rel.init)

.rela.init
 *(.rela.init)

.rel.text
 *(.rel.text)
 *(.rel.text.*)
 *(.rel.gnu.linkonce.t*)

.rela.text
 *(.rela.text)
 *(.rela.text.*)
 *(.rela.gnu.linkonce.t*)

.rel.fini
 *(.rel.fini)

.rela.fini
 *(.rela.fini)

.rel.rodata
 *(.rel.rodata)
 *(.rel.rodata.*)
 *(.rel.gnu.linkonce.r*)

.rela.rodata
 *(.rela.rodata)
 *(.rela.rodata.*)
 *(.rela.gnu.linkonce.r*)

.rel.data
 *(.rel.data)
 *(.rel.data.*)
 *(.rel.gnu.linkonce.d*)

.rela.data
 *(.rela.data)
 *(.rela.data.*)
 *(.rela.gnu.linkonce.d*)

.rel.ctors
 *(.rel.ctors)

.rela.ctors
 *(.rela.ctors)

.rel.dtors
 *(.rel.dtors)

.rela.dtors
 *(.rela.dtors)

.rel.got
 *(.rel.got)

.rela.got
 *(.rela.got)

.rel.bss
 *(.rel.bss)

.rela.bss
 *(.rela.bss)

.rel.plt
 *(.rel.plt)

.rela.plt
 *(.rela.plt)

.text           0x0000000000000000     0x2324
 *(.vectors)
 .vectors       0x0000000000000000       0x8c /usr/lib/gcc/avr/4.8.1/../../../avr/lib/avr51/crtm128.o
                0x0000000000000000                __vectors
                0x0000000000000000                __vector_default
 *(.vectors)
 *(.progmem.gcc*)
                0x000000000000008c                . = ALIGN (0x2)
                0x000000000000008c                __trampolines_start = .
 *(.trampolines)
 .trampolines   0x000000000000008c        0x0 linker stubs
 *(.trampolines*)
                0x000000000000008c                __trampolines_end = .
 *(.progmem*)
 .progmem.data  0x000000000000008c        0x9 /home/defaultuser/nibolib/lib/libnibo2.a(bot.o)
                0x000000000000008c                bot_lib_revision
                0x0000000000000090                bot_lib_version
 .progmem.data  0x0000000000000095        0x8 /usr/lib/gcc/avr/4.8.1/../../../avr/lib/avr51/libprintf_flt.a(vfprintf_flt.o)
 .progmem.data  0x000000000000009d       0xfa /usr/lib/gcc/avr/4.8.1/../../../avr/lib/avr51/libc.a(ftoa_engine.o)
                0x0000000000000198                . = ALIGN (0x2)
 *fill*         0x0000000000000197        0x1 
 *(.jumptables)
 *(.jumptables*)
 *(.lowtext)
 *(.lowtext*)
                0x0000000000000198                __ctors_start = .
 *(.ctors)
                0x0000000000000198                __ctors_end = .
                0x0000000000000198                __dtors_start = .
 *(.dtors)
                0x0000000000000198                __dtors_end = .
 SORT(*)(.ctors)
 SORT(*)(.dtors)
 *(.init0)
 .init0         0x0000000000000198        0x0 /usr/lib/gcc/avr/4.8.1/../../../avr/lib/avr51/crtm128.o
                0x0000000000000198                __init
 *(.init0)
 *(.init1)
 *(.init1)
 *(.init2)
 .init2         0x0000000000000198        0xc /usr/lib/gcc/avr/4.8.1/../../../avr/lib/avr51/crtm128.o
 *(.init2)
 *(.init3)
 *(.init3)
 *(.init4)
 .init4         0x00000000000001a4       0x1a /usr/lib/gcc/avr/4.8.1/avr51/libgcc.a(_copy_data.o)
                0x00000000000001a4                __do_copy_data
 .init4         0x00000000000001be       0x10 /usr/lib/gcc/avr/4.8.1/avr51/libgcc.a(_clear_bss.o)
                0x00000000000001be                __do_clear_bss
 *(.init4)
 *(.init5)
 *(.init5)
 *(.init6)
 *(.init6)
 *(.init7)
 *(.init7)
 *(.init8)
 *(.init8)
 *(.init9)
 .init9         0x00000000000001ce        0x8 /usr/lib/gcc/avr/4.8.1/../../../avr/lib/avr51/crtm128.o
 *(.init9)
 *(.text)
 .text          0x00000000000001d6        0x4 /usr/lib/gcc/avr/4.8.1/../../../avr/lib/avr51/crtm128.o
                0x00000000000001d6                __vector_22
                0x00000000000001d6                __vector_28
                0x00000000000001d6                __vector_1
                0x00000000000001d6                __vector_32
                0x00000000000001d6                __vector_34
                0x00000000000001d6                __vector_24
                0x00000000000001d6                __vector_12
                0x00000000000001d6                __bad_interrupt
                0x00000000000001d6                __vector_6
                0x00000000000001d6                __vector_31
                0x00000000000001d6                __vector_3
                0x00000000000001d6                __vector_23
                0x00000000000001d6                __vector_30
                0x00000000000001d6                __vector_25
                0x00000000000001d6                __vector_11
                0x00000000000001d6                __vector_13
                0x00000000000001d6                __vector_19
                0x00000000000001d6                __vector_7
                0x00000000000001d6                __vector_27
                0x00000000000001d6                __vector_5
                0x00000000000001d6                __vector_33
                0x00000000000001d6                __vector_4
                0x00000000000001d6                __vector_9
                0x00000000000001d6                __vector_2
                0x00000000000001d6                __vector_21
                0x00000000000001d6                __vector_15
                0x00000000000001d6                __vector_29
                0x00000000000001d6                __vector_8
                0x00000000000001d6                __vector_26
                0x00000000000001d6                __vector_14
                0x00000000000001d6                __vector_10
                0x00000000000001d6                __vector_16
                0x00000000000001d6                __vector_18
                0x00000000000001d6                __vector_20
 .text          0x00000000000001da        0x0 ./src/helloMotors.o
 .text          0x00000000000001da        0x0 /home/defaultuser/nibolib/lib/libnibo2.a(display.o)
 .text          0x00000000000001da        0x0 /home/defaultuser/nibolib/lib/libnibo2.a(delay.o)
 .text          0x00000000000001da        0x0 /home/defaultuser/nibolib/lib/libnibo2.a(spi.o)
 .text          0x00000000000001da        0x0 /home/defaultuser/nibolib/lib/libnibo2.a(gfx.o)
 .text          0x00000000000001da        0x0 /home/defaultuser/nibolib/lib/libnibo2.a(copro.o)
 .text          0x00000000000001da        0x0 /home/defaultuser/nibolib/lib/libnibo2.a(bot.o)
 .text          0x00000000000001da        0x0 /home/defaultuser/nibolib/lib/libnibo2.a(adc.o)
 .text          0x00000000000001da        0x0 /usr/lib/gcc/avr/4.8.1/../../../avr/lib/avr51/libprintf_flt.a(vfprintf_flt.o)
 .text          0x00000000000001da        0x0 /usr/lib/gcc/avr/4.8.1/avr51/libgcc.a(_udivmodhi4.o)
 .text          0x00000000000001da        0x0 /usr/lib/gcc/avr/4.8.1/avr51/libgcc.a(_divmodhi4.o)
 .text          0x00000000000001da        0x0 /usr/lib/gcc/avr/4.8.1/avr51/libgcc.a(_exit.o)
 .text          0x00000000000001da        0x0 /usr/lib/gcc/avr/4.8.1/avr51/libgcc.a(_copy_data.o)
 .text          0x00000000000001da        0x0 /usr/lib/gcc/avr/4.8.1/avr51/libgcc.a(_clear_bss.o)
 .text          0x00000000000001da        0x0 /usr/lib/gcc/avr/4.8.1/../../../avr/lib/avr51/libc.a(ftoa_engine.o)
 .text          0x00000000000001da        0x0 /usr/lib/gcc/avr/4.8.1/../../../avr/lib/avr51/libc.a(strnlen_P.o)
 .text          0x00000000000001da        0x0 /usr/lib/gcc/avr/4.8.1/../../../avr/lib/avr51/libc.a(strnlen.o)
 .text          0x00000000000001da        0x0 /usr/lib/gcc/avr/4.8.1/../../../avr/lib/avr51/libc.a(fputc.o)
 .text          0x00000000000001da        0x0 /usr/lib/gcc/avr/4.8.1/../../../avr/lib/avr51/libc.a(sprintf.o)
 .text          0x00000000000001da        0x0 /usr/lib/gcc/avr/4.8.1/../../../avr/lib/avr51/libc.a(ultoa_invert.o)
                0x00000000000001da                . = ALIGN (0x2)
 *(.text.*)
 .text.init     0x00000000000001da       0x16 ./src/helloMotors.o
                0x00000000000001da                init
 .text.distances
                0x00000000000001f0       0xe4 ./src/helloMotors.o
                0x00000000000001f0                distances
 .text.backwards_mode
                0x00000000000002d4       0x8e ./src/helloMotors.o
                0x00000000000002d4                backwards_mode
 .text.check_sensors
                0x0000000000000362      0x154 ./src/helloMotors.o
                0x0000000000000362                check_sensors
 .text.startup.main
                0x00000000000004b6       0x16 ./src/helloMotors.o
                0x00000000000004b6                main
 .text.display_write
                0x00000000000004cc       0x86 /home/defaultuser/nibolib/lib/libnibo2.a(display.o)
                0x00000000000004cc                display_write
 .text.display_read
                0x0000000000000552       0x82 /home/defaultuser/nibolib/lib/libnibo2.a(display.o)
                0x0000000000000552                display_read
 .text.display_wait
                0x00000000000005d4       0x34 /home/defaultuser/nibolib/lib/libnibo2.a(display.o)
                0x00000000000005d4                display_wait
 .text.display_init
                0x0000000000000608       0xbc /home/defaultuser/nibolib/lib/libnibo2.a(display.o)
                0x0000000000000608                display_init
 .text.delay    0x00000000000006c4       0x14 /home/defaultuser/nibolib/lib/libnibo2.a(delay.o)
                0x00000000000006c4                delay
 .text.spi_restart_transmission
                0x00000000000006d8       0x3a /home/defaultuser/nibolib/lib/libnibo2.a(spi.o)
                0x00000000000006d8                spi_restart_transmission
 .text.spi_init
                0x0000000000000712       0x10 /home/defaultuser/nibolib/lib/libnibo2.a(spi.o)
                0x0000000000000712                spi_init
 .text.__vector_17
                0x0000000000000722      0x12e /home/defaultuser/nibolib/lib/libnibo2.a(spi.o)
                0x0000000000000722                __vector_17
 .text.gfx_get_x
                0x0000000000000850        0x6 /home/defaultuser/nibolib/lib/libnibo2.a(gfx.o)
                0x0000000000000850                gfx_get_x
 .text.gfx_get_y
                0x0000000000000856        0x6 /home/defaultuser/nibolib/lib/libnibo2.a(gfx.o)
                0x0000000000000856                gfx_get_y
 .text.gfx_draw_mode
                0x000000000000085c        0x6 /home/defaultuser/nibolib/lib/libnibo2.a(gfx.o)
                0x000000000000085c                gfx_draw_mode
 .text.gfx_char_width
                0x0000000000000862       0x40 /home/defaultuser/nibolib/lib/libnibo2.a(gfx.o)
                0x0000000000000862                gfx_char_width
 .text.gfx_text_width
                0x00000000000008a2       0x26 /home/defaultuser/nibolib/lib/libnibo2.a(gfx.o)
                0x00000000000008a2                gfx_text_width
 .text.gfx_text_width_P
                0x00000000000008c8       0x2e /home/defaultuser/nibolib/lib/libnibo2.a(gfx.o)
                0x00000000000008c8                gfx_text_width_P
 .text.gfx_set_proportional
                0x00000000000008f6        0x6 /home/defaultuser/nibolib/lib/libnibo2.a(gfx.o)
                0x00000000000008f6                gfx_set_proportional
 .text.gfx_get_proportional
                0x00000000000008fc        0x6 /home/defaultuser/nibolib/lib/libnibo2.a(gfx.o)
                0x00000000000008fc                gfx_get_proportional
 .text.gfx_term_goto
                0x0000000000000902       0x12 /home/defaultuser/nibolib/lib/libnibo2.a(gfx.o)
                0x0000000000000902                gfx_term_goto
 .text.gfx_store_disp_tile
                0x0000000000000914       0xae /home/defaultuser/nibolib/lib/libnibo2.a(gfx.o)
 .text.gfx_fill
                0x00000000000009c2       0x74 /home/defaultuser/nibolib/lib/libnibo2.a(gfx.o)
                0x00000000000009c2                gfx_fill
 .text.gfx_term_clear
                0x0000000000000a36       0x10 /home/defaultuser/nibolib/lib/libnibo2.a(gfx.o)
                0x0000000000000a36                gfx_term_clear
 .text.gfx_init
                0x0000000000000a46       0x7e /home/defaultuser/nibolib/lib/libnibo2.a(gfx.o)
                0x0000000000000a46                gfx_init
 .text.gfx_move
                0x0000000000000ac4       0x6a /home/defaultuser/nibolib/lib/libnibo2.a(gfx.o)
                0x0000000000000ac4                gfx_move
 .text.gfx_term_scroll
                0x0000000000000b2e       0xe4 /home/defaultuser/nibolib/lib/libnibo2.a(gfx.o)
                0x0000000000000b2e                gfx_term_scroll
 .text.gfx_display_write2
                0x0000000000000c12       0x90 /home/defaultuser/nibolib/lib/libnibo2.a(gfx.o)
                0x0000000000000c12                gfx_display_write2
 .text.gfx_pixel
                0x0000000000000ca2       0x26 /home/defaultuser/nibolib/lib/libnibo2.a(gfx.o)
                0x0000000000000ca2                gfx_pixel
 .text.gfx_draw_xbm_P
                0x0000000000000cc8      0x1a4 /home/defaultuser/nibolib/lib/libnibo2.a(gfx.o)
                0x0000000000000cc8                gfx_draw_xbm_P
 .text.gfx_draw_xbm
                0x0000000000000e6c      0x1a4 /home/defaultuser/nibolib/lib/libnibo2.a(gfx.o)
                0x0000000000000e6c                gfx_draw_xbm
 .text.gfx_box  0x0000000000001010       0x9a /home/defaultuser/nibolib/lib/libnibo2.a(gfx.o)
                0x0000000000001010                gfx_box
 .text.gfx_vline
                0x00000000000010aa        0xa /home/defaultuser/nibolib/lib/libnibo2.a(gfx.o)
                0x00000000000010aa                gfx_vline
 .text.gfx_hline
                0x00000000000010b4       0x30 /home/defaultuser/nibolib/lib/libnibo2.a(gfx.o)
                0x00000000000010b4                gfx_hline
 .text.gfx_lineTo
                0x00000000000010e4      0x112 /home/defaultuser/nibolib/lib/libnibo2.a(gfx.o)
                0x00000000000010e4                gfx_lineTo
 .text.gfx_print_char_base
                0x00000000000011f6       0xe0 /home/defaultuser/nibolib/lib/libnibo2.a(gfx.o)
                0x00000000000011f6                gfx_print_char_base
 .text.gfx_print_char
                0x00000000000012d6       0x48 /home/defaultuser/nibolib/lib/libnibo2.a(gfx.o)
                0x00000000000012d6                gfx_print_char
 .text.gfx_term_print
                0x000000000000131e       0x88 /home/defaultuser/nibolib/lib/libnibo2.a(gfx.o)
                0x000000000000131e                gfx_term_print
 .text.gfx_print_text_P
                0x00000000000013a6       0x22 /home/defaultuser/nibolib/lib/libnibo2.a(gfx.o)
                0x00000000000013a6                gfx_print_text_P
 .text.gfx_print_text
                0x00000000000013c8       0x1a /home/defaultuser/nibolib/lib/libnibo2.a(gfx.o)
                0x00000000000013c8                gfx_print_text
 .text._copro_check_busy
                0x00000000000013e2       0x26 /home/defaultuser/nibolib/lib/libnibo2.a(copro.o)
                0x00000000000013e2                _copro_check_busy
 .text.copro_update
                0x0000000000001408      0x138 /home/defaultuser/nibolib/lib/libnibo2.a(copro.o)
                0x0000000000001408                copro_update
 .text.copro_stop
                0x0000000000001540        0xc /home/defaultuser/nibolib/lib/libnibo2.a(copro.o)
                0x0000000000001540                copro_stop
 .text.copro_stopImmediate
                0x000000000000154c        0xe /home/defaultuser/nibolib/lib/libnibo2.a(copro.o)
                0x000000000000154c                copro_stopImmediate
 .text.copro_setPWM
                0x000000000000155a       0x1e /home/defaultuser/nibolib/lib/libnibo2.a(copro.o)
                0x000000000000155a                copro_setPWM
 .text.copro_setSpeed
                0x0000000000001578       0x1e /home/defaultuser/nibolib/lib/libnibo2.a(copro.o)
                0x0000000000001578                copro_setSpeed
 .text.copro_setTargetAbs
                0x0000000000001596       0x42 /home/defaultuser/nibolib/lib/libnibo2.a(copro.o)
                0x0000000000001596                copro_setTargetAbs
 .text.copro_setTargetRel
                0x00000000000015d8       0x26 /home/defaultuser/nibolib/lib/libnibo2.a(copro.o)
                0x00000000000015d8                copro_setTargetRel
 .text.copro_setSpeedParameters
                0x00000000000015fe       0x2e /home/defaultuser/nibolib/lib/libnibo2.a(copro.o)
                0x00000000000015fe                copro_setSpeedParameters
 .text.copro_setPositionParameters
                0x000000000000162c        0x4 /home/defaultuser/nibolib/lib/libnibo2.a(copro.o)
                0x000000000000162c                copro_setPositionParameters
 .text.copro_resetOdometry
                0x0000000000001630       0x54 /home/defaultuser/nibolib/lib/libnibo2.a(copro.o)
                0x0000000000001630                copro_resetOdometry
 .text.copro_ir_stop
                0x0000000000001684       0x20 /home/defaultuser/nibolib/lib/libnibo2.a(copro.o)
                0x0000000000001684                copro_ir_stop
 .text.copro_ir_startMeasure
                0x00000000000016a4       0x20 /home/defaultuser/nibolib/lib/libnibo2.a(copro.o)
                0x00000000000016a4                copro_ir_startMeasure
 .text.copro_transmitRC5
                0x00000000000016c4       0x2a /home/defaultuser/nibolib/lib/libnibo2.a(copro.o)
                0x00000000000016c4                copro_transmitRC5
 .text.spi_finished_callback
                0x00000000000016ee       0xac /home/defaultuser/nibolib/lib/libnibo2.a(copro.o)
                0x00000000000016ee                spi_finished_callback
 .text.bot_update
                0x000000000000179a       0x10 /home/defaultuser/nibolib/lib/libnibo2.a(bot.o)
                0x000000000000179a                bot_update
 .text.bot_init
                0x00000000000017aa       0x18 /home/defaultuser/nibolib/lib/libnibo2.a(bot.o)
                0x00000000000017aa                bot_init
 .text.adc_init
                0x00000000000017c2       0x26 /home/defaultuser/nibolib/lib/libnibo2.a(adc.o)
                0x00000000000017c2                adc_init
 .text.adc_read
                0x00000000000017e8       0x3c /home/defaultuser/nibolib/lib/libnibo2.a(adc.o)
                0x00000000000017e8                adc_read
 .text.adc_get_random_seed
                0x0000000000001824        0xa /home/defaultuser/nibolib/lib/libnibo2.a(adc.o)
                0x0000000000001824                adc_get_random_seed
 .text.avr-libc
                0x000000000000182e      0x748 /usr/lib/gcc/avr/4.8.1/../../../avr/lib/avr51/libprintf_flt.a(vfprintf_flt.o)
                0x000000000000182e                vfprintf
 .text.libgcc.mul
                0x0000000000001f76        0x0 /usr/lib/gcc/avr/4.8.1/avr51/libgcc.a(_udivmodhi4.o)
 .text.libgcc.div
                0x0000000000001f76       0x28 /usr/lib/gcc/avr/4.8.1/avr51/libgcc.a(_udivmodhi4.o)
                0x0000000000001f76                __udivmodhi4
 .text.libgcc   0x0000000000001f9e        0x0 /usr/lib/gcc/avr/4.8.1/avr51/libgcc.a(_udivmodhi4.o)
 .text.libgcc.prologue
                0x0000000000001f9e        0x0 /usr/lib/gcc/avr/4.8.1/avr51/libgcc.a(_udivmodhi4.o)
 .text.libgcc.builtins
                0x0000000000001f9e        0x0 /usr/lib/gcc/avr/4.8.1/avr51/libgcc.a(_udivmodhi4.o)
 .text.libgcc.fmul
                0x0000000000001f9e        0x0 /usr/lib/gcc/avr/4.8.1/avr51/libgcc.a(_udivmodhi4.o)
 .text.libgcc.fixed
                0x0000000000001f9e        0x0 /usr/lib/gcc/avr/4.8.1/avr51/libgcc.a(_udivmodhi4.o)
 .text.libgcc.mul
                0x0000000000001f9e        0x0 /usr/lib/gcc/avr/4.8.1/avr51/libgcc.a(_divmodhi4.o)
 .text.libgcc.div
                0x0000000000001f9e       0x28 /usr/lib/gcc/avr/4.8.1/avr51/libgcc.a(_divmodhi4.o)
                0x0000000000001f9e                __divmodhi4
                0x0000000000001f9e                _div
 .text.libgcc   0x0000000000001fc6        0x0 /usr/lib/gcc/avr/4.8.1/avr51/libgcc.a(_divmodhi4.o)
 .text.libgcc.prologue
                0x0000000000001fc6        0x0 /usr/lib/gcc/avr/4.8.1/avr51/libgcc.a(_divmodhi4.o)
 .text.libgcc.builtins
                0x0000000000001fc6        0x0 /usr/lib/gcc/avr/4.8.1/avr51/libgcc.a(_divmodhi4.o)
 .text.libgcc.fmul
                0x0000000000001fc6        0x0 /usr/lib/gcc/avr/4.8.1/avr51/libgcc.a(_divmodhi4.o)
 .text.libgcc.fixed
                0x0000000000001fc6        0x0 /usr/lib/gcc/avr/4.8.1/avr51/libgcc.a(_divmodhi4.o)
 .text.libgcc.mul
                0x0000000000001fc6        0x0 /usr/lib/gcc/avr/4.8.1/avr51/libgcc.a(_exit.o)
 .text.libgcc.div
                0x0000000000001fc6        0x0 /usr/lib/gcc/avr/4.8.1/avr51/libgcc.a(_exit.o)
 .text.libgcc   0x0000000000001fc6        0x0 /usr/lib/gcc/avr/4.8.1/avr51/libgcc.a(_exit.o)
 .text.libgcc.prologue
                0x0000000000001fc6        0x0 /usr/lib/gcc/avr/4.8.1/avr51/libgcc.a(_exit.o)
 .text.libgcc.builtins
                0x0000000000001fc6        0x0 /usr/lib/gcc/avr/4.8.1/avr51/libgcc.a(_exit.o)
 .text.libgcc.fmul
                0x0000000000001fc6        0x0 /usr/lib/gcc/avr/4.8.1/avr51/libgcc.a(_exit.o)
 .text.libgcc.fixed
                0x0000000000001fc6        0x0 /usr/lib/gcc/avr/4.8.1/avr51/libgcc.a(_exit.o)
 .text.libgcc.mul
                0x0000000000001fc6        0x0 /usr/lib/gcc/avr/4.8.1/avr51/libgcc.a(_copy_data.o)
 .text.libgcc.div
                0x0000000000001fc6        0x0 /usr/lib/gcc/avr/4.8.1/avr51/libgcc.a(_copy_data.o)
 .text.libgcc   0x0000000000001fc6        0x0 /usr/lib/gcc/avr/4.8.1/avr51/libgcc.a(_copy_data.o)
 .text.libgcc.prologue
                0x0000000000001fc6        0x0 /usr/lib/gcc/avr/4.8.1/avr51/libgcc.a(_copy_data.o)
 .text.libgcc.builtins
                0x0000000000001fc6        0x0 /usr/lib/gcc/avr/4.8.1/avr51/libgcc.a(_copy_data.o)
 .text.libgcc.fmul
                0x0000000000001fc6        0x0 /usr/lib/gcc/avr/4.8.1/avr51/libgcc.a(_copy_data.o)
 .text.libgcc.fixed
                0x0000000000001fc6        0x0 /usr/lib/gcc/avr/4.8.1/avr51/libgcc.a(_copy_data.o)
 .text.libgcc.mul
                0x0000000000001fc6        0x0 /usr/lib/gcc/avr/4.8.1/avr51/libgcc.a(_clear_bss.o)
 .text.libgcc.div
                0x0000000000001fc6        0x0 /usr/lib/gcc/avr/4.8.1/avr51/libgcc.a(_clear_bss.o)
 .text.libgcc   0x0000000000001fc6        0x0 /usr/lib/gcc/avr/4.8.1/avr51/libgcc.a(_clear_bss.o)
 .text.libgcc.prologue
                0x0000000000001fc6        0x0 /usr/lib/gcc/avr/4.8.1/avr51/libgcc.a(_clear_bss.o)
 .text.libgcc.builtins
                0x0000000000001fc6        0x0 /usr/lib/gcc/avr/4.8.1/avr51/libgcc.a(_clear_bss.o)
 .text.libgcc.fmul
                0x0000000000001fc6        0x0 /usr/lib/gcc/avr/4.8.1/avr51/libgcc.a(_clear_bss.o)
 .text.libgcc.fixed
                0x0000000000001fc6        0x0 /usr/lib/gcc/avr/4.8.1/avr51/libgcc.a(_clear_bss.o)
 .text.avr-libc
                0x0000000000001fc6      0x1b0 /usr/lib/gcc/avr/4.8.1/../../../avr/lib/avr51/libc.a(ftoa_engine.o)
                0x0000000000001fc6                __ftoa_engine
 .text.avr-libc
                0x0000000000002176       0x16 /usr/lib/gcc/avr/4.8.1/../../../avr/lib/avr51/libc.a(strnlen_P.o)
                0x0000000000002176                strnlen_P
 .text.avr-libc
                0x000000000000218c       0x16 /usr/lib/gcc/avr/4.8.1/../../../avr/lib/avr51/libc.a(strnlen.o)
                0x000000000000218c                strnlen
 .text.avr-libc
                0x00000000000021a2       0x64 /usr/lib/gcc/avr/4.8.1/../../../avr/lib/avr51/libc.a(fputc.o)
                0x00000000000021a2                fputc
 .text.avr-libc
                0x0000000000002206       0x5e /usr/lib/gcc/avr/4.8.1/../../../avr/lib/avr51/libc.a(sprintf.o)
                0x0000000000002206                sprintf
 .text.avr-libc
                0x0000000000002264       0xbc /usr/lib/gcc/avr/4.8.1/../../../avr/lib/avr51/libc.a(ultoa_invert.o)
                0x0000000000002264                __ultoa_invert
                0x0000000000002320                . = ALIGN (0x2)
 *(.fini9)
 .fini9         0x0000000000002320        0x0 /usr/lib/gcc/avr/4.8.1/avr51/libgcc.a(_exit.o)
                0x0000000000002320                exit
                0x0000000000002320                _exit
 *(.fini9)
 *(.fini8)
 *(.fini8)
 *(.fini7)
 *(.fini7)
 *(.fini6)
 *(.fini6)
 *(.fini5)
 *(.fini5)
 *(.fini4)
 *(.fini4)
 *(.fini3)
 *(.fini3)
 *(.fini2)
 *(.fini2)
 *(.fini1)
 *(.fini1)
 *(.fini0)
 .fini0         0x0000000000002320        0x4 /usr/lib/gcc/avr/4.8.1/avr51/libgcc.a(_exit.o)
 *(.fini0)
                0x0000000000002324                _etext = .

.data           0x0000000000800100      0x254 load address 0x0000000000002324
                0x0000000000800100                PROVIDE (__data_start, .)
 *(.data)
 .data          0x0000000000800100        0x0 /usr/lib/gcc/avr/4.8.1/../../../avr/lib/avr51/crtm128.o
 .data          0x0000000000800100        0x0 ./src/helloMotors.o
 .data          0x0000000000800100        0x0 /home/defaultuser/nibolib/lib/libnibo2.a(display.o)
 .data          0x0000000000800100        0x0 /home/defaultuser/nibolib/lib/libnibo2.a(delay.o)
 .data          0x0000000000800100        0x0 /home/defaultuser/nibolib/lib/libnibo2.a(spi.o)
 .data          0x0000000000800100      0x240 /home/defaultuser/nibolib/lib/libnibo2.a(gfx.o)
                0x0000000000800100                fontTiles
 .data          0x0000000000800340        0x0 /home/defaultuser/nibolib/lib/libnibo2.a(copro.o)
 .data          0x0000000000800340        0x0 /home/defaultuser/nibolib/lib/libnibo2.a(bot.o)
 .data          0x0000000000800340        0x0 /home/defaultuser/nibolib/lib/libnibo2.a(adc.o)
 .data          0x0000000000800340        0x0 /usr/lib/gcc/avr/4.8.1/../../../avr/lib/avr51/libprintf_flt.a(vfprintf_flt.o)
 .data          0x0000000000800340        0x0 /usr/lib/gcc/avr/4.8.1/avr51/libgcc.a(_udivmodhi4.o)
 .data          0x0000000000800340        0x0 /usr/lib/gcc/avr/4.8.1/avr51/libgcc.a(_divmodhi4.o)
 .data          0x0000000000800340        0x0 /usr/lib/gcc/avr/4.8.1/avr51/libgcc.a(_exit.o)
 .data          0x0000000000800340        0x0 /usr/lib/gcc/avr/4.8.1/avr51/libgcc.a(_copy_data.o)
 .data          0x0000000000800340        0x0 /usr/lib/gcc/avr/4.8.1/avr51/libgcc.a(_clear_bss.o)
 .data          0x0000000000800340        0x0 /usr/lib/gcc/avr/4.8.1/../../../avr/lib/avr51/libc.a(ftoa_engine.o)
 .data          0x0000000000800340        0x0 /usr/lib/gcc/avr/4.8.1/../../../avr/lib/avr51/libc.a(strnlen_P.o)
 .data          0x0000000000800340        0x0 /usr/lib/gcc/avr/4.8.1/../../../avr/lib/avr51/libc.a(strnlen.o)
 .data          0x0000000000800340        0x0 /usr/lib/gcc/avr/4.8.1/../../../avr/lib/avr51/libc.a(fputc.o)
 .data          0x0000000000800340        0x0 /usr/lib/gcc/avr/4.8.1/../../../avr/lib/avr51/libc.a(sprintf.o)
 .data          0x0000000000800340        0x0 /usr/lib/gcc/avr/4.8.1/../../../avr/lib/avr51/libc.a(ultoa_invert.o)
 *(.data*)
 *(.rodata)
 *(.rodata*)
 .rodata.str1.1
                0x0000000000800340       0x13 ./src/helloMotors.o
 *(.gnu.linkonce.d*)
                0x0000000000800354                . = ALIGN (0x2)
 *fill*         0x0000000000800353        0x1 
                0x0000000000800354                _edata = .
                0x0000000000800354                PROVIDE (__data_end, .)

.bss            0x0000000000800354       0xca
                0x0000000000800354                PROVIDE (__bss_start, .)
 *(.bss)
 .bss           0x0000000000800354        0x0 /usr/lib/gcc/avr/4.8.1/../../../avr/lib/avr51/crtm128.o
 .bss           0x0000000000800354        0x0 ./src/helloMotors.o
 .bss           0x0000000000800354        0x0 /home/defaultuser/nibolib/lib/libnibo2.a(display.o)
 .bss           0x0000000000800354        0x0 /home/defaultuser/nibolib/lib/libnibo2.a(delay.o)
 .bss           0x0000000000800354        0x0 /home/defaultuser/nibolib/lib/libnibo2.a(spi.o)
 .bss           0x0000000000800354        0x0 /home/defaultuser/nibolib/lib/libnibo2.a(gfx.o)
 .bss           0x0000000000800354        0x0 /home/defaultuser/nibolib/lib/libnibo2.a(copro.o)
 .bss           0x0000000000800354        0x0 /home/defaultuser/nibolib/lib/libnibo2.a(bot.o)
 .bss           0x0000000000800354        0x0 /home/defaultuser/nibolib/lib/libnibo2.a(adc.o)
 .bss           0x0000000000800354        0x0 /usr/lib/gcc/avr/4.8.1/../../../avr/lib/avr51/libprintf_flt.a(vfprintf_flt.o)
 .bss           0x0000000000800354        0x0 /usr/lib/gcc/avr/4.8.1/avr51/libgcc.a(_udivmodhi4.o)
 .bss           0x0000000000800354        0x0 /usr/lib/gcc/avr/4.8.1/avr51/libgcc.a(_divmodhi4.o)
 .bss           0x0000000000800354        0x0 /usr/lib/gcc/avr/4.8.1/avr51/libgcc.a(_exit.o)
 .bss           0x0000000000800354        0x0 /usr/lib/gcc/avr/4.8.1/avr51/libgcc.a(_copy_data.o)
 .bss           0x0000000000800354        0x0 /usr/lib/gcc/avr/4.8.1/avr51/libgcc.a(_clear_bss.o)
 .bss           0x0000000000800354        0x0 /usr/lib/gcc/avr/4.8.1/../../../avr/lib/avr51/libc.a(ftoa_engine.o)
 .bss           0x0000000000800354        0x0 /usr/lib/gcc/avr/4.8.1/../../../avr/lib/avr51/libc.a(strnlen_P.o)
 .bss           0x0000000000800354        0x0 /usr/lib/gcc/avr/4.8.1/../../../avr/lib/avr51/libc.a(strnlen.o)
 .bss           0x0000000000800354        0x0 /usr/lib/gcc/avr/4.8.1/../../../avr/lib/avr51/libc.a(fputc.o)
 .bss           0x0000000000800354        0x0 /usr/lib/gcc/avr/4.8.1/../../../avr/lib/avr51/libc.a(sprintf.o)
 .bss           0x0000000000800354        0x0 /usr/lib/gcc/avr/4.8.1/../../../avr/lib/avr51/libc.a(ultoa_invert.o)
 *(.bss*)
 .bss.l         0x0000000000800354        0x2 ./src/helloMotors.o
                0x0000000000800354                l
 .bss.r         0x0000000000800356        0x2 ./src/helloMotors.o
                0x0000000000800356                r
 .bss.distance  0x0000000000800358        0x2 ./src/helloMotors.o
                0x0000000000800358                distance
 .bss.current_distance
                0x000000000080035a        0x2 ./src/helloMotors.o
                0x000000000080035a                current_distance
 .bss.output    0x000000000080035c       0x14 ./src/helloMotors.o
                0x000000000080035c                output
 *(COMMON)
 COMMON         0x0000000000800370        0x1 /home/defaultuser/nibolib/lib/libnibo2.a(display.o)
                0x0000000000800370                display_type
 COMMON         0x0000000000800371       0x3e /home/defaultuser/nibolib/lib/libnibo2.a(spi.o)
                0x0000000000800371                spi_tx_buf
                0x000000000080038c                spi_rx_size
                0x000000000080038d                spi_err_cnt
                0x000000000080038e                spi_tx_size
                0x000000000080038f                spi_frame_cnt
                0x0000000000800390                spi_size
                0x0000000000800391                spi_rx_buf
                0x00000000008003ac                spi_tx_chk
                0x00000000008003ad                spi_pos
                0x00000000008003ae                spi_rx_chk
 COMMON         0x00000000008003af        0xe /home/defaultuser/nibolib/lib/libnibo2.a(gfx.o)
                0x00000000008003af                gfx_dm
                0x00000000008003b0                gfx_term_row
                0x00000000008003b1                gfx_proportional
                0x00000000008003b2                gfx_x
                0x00000000008003b3                gfx_tile
                0x00000000008003bb                gfx_y
                0x00000000008003bc                gfx_term_col
 COMMON         0x00000000008003bd       0x5d /home/defaultuser/nibolib/lib/libnibo2.a(copro.o)
                0x00000000008003bd                copro_ticks_offset_r
                0x00000000008003bf                copro_ticks_offset_l
                0x00000000008003c1                copro_current_l
                0x00000000008003c3                copro_commands
                0x00000000008003d8                copro_ticks_l
                0x00000000008003da                copro_rc5_cmd
                0x00000000008003dc                copro_distance
                0x00000000008003e6                copro_pos_x
                0x00000000008003ea                copro_pos_ori
                0x00000000008003ee                copro_speed_r
                0x00000000008003f0                copro_ticks_r
                0x00000000008003f2                copro_pos_y
                0x00000000008003f6                copro_ir_mode
                0x00000000008003f7                copro_rc5_count
                0x00000000008003f8                copro_current_r
                0x00000000008003fa                copro_buffer
                0x0000000000800415                copro_target_distance
                0x0000000000800417                copro_seq
                0x0000000000800418                copro_speed_l
 COMMON         0x000000000080041a        0x2 /home/defaultuser/nibolib/lib/libnibo2.a(bot.o)
                0x000000000080041a                bot_supply
 COMMON         0x000000000080041c        0x2 /home/defaultuser/nibolib/lib/libnibo2.a(adc.o)
                0x000000000080041c                adc_random_seed
                0x000000000080041e                PROVIDE (__bss_end, .)
                0x0000000000002324                __data_load_start = LOADADDR (.data)
                0x0000000000002578                __data_load_end = (__data_load_start + SIZEOF (.data))

.noinit         0x000000000080041e        0x0
                0x000000000080041e                PROVIDE (__noinit_start, .)
 *(.noinit*)
                0x000000000080041e                PROVIDE (__noinit_end, .)
                0x000000000080041e                _end = .
                0x000000000080041e                PROVIDE (__heap_start, .)

.eeprom         0x0000000000810000        0x0
 *(.eeprom*)
                0x0000000000810000                __eeprom_end = .

.fuse
 *(.fuse)
 *(.lfuse)
 *(.hfuse)
 *(.efuse)

.lock
 *(.lock*)

.signature
 *(.signature*)

.user_signatures
 *(.user_signatures*)

.stab           0x0000000000000000      0x960
 *(.stab)
 .stab          0x0000000000000000      0x960 ./src/helloMotors.o

.stabstr        0x0000000000000000      0xf15
 *(.stabstr)
 .stabstr       0x0000000000000000      0xf15 ./src/helloMotors.o

.stab.excl
 *(.stab.excl)

.stab.exclstr
 *(.stab.exclstr)

.stab.index
 *(.stab.index)

.stab.indexstr
 *(.stab.indexstr)

.comment        0x0000000000000000       0x11
 *(.comment)
 .comment       0x0000000000000000       0x11 ./src/helloMotors.o
                                         0x12 (size before relaxing)
 .comment       0x0000000000000000       0x12 /usr/lib/gcc/avr/4.8.1/../../../avr/lib/avr51/libprintf_flt.a(vfprintf_flt.o)
 .comment       0x0000000000000000       0x12 /usr/lib/gcc/avr/4.8.1/../../../avr/lib/avr51/libc.a(fputc.o)
 .comment       0x0000000000000000       0x12 /usr/lib/gcc/avr/4.8.1/../../../avr/lib/avr51/libc.a(sprintf.o)

.note.gnu.build-id
 *(.note.gnu.build-id)

.debug
 *(.debug)

.line
 *(.line)

.debug_srcinfo
 *(.debug_srcinfo)

.debug_sfnames
 *(.debug_sfnames)

.debug_aranges
 *(.debug_aranges)

.debug_pubnames
 *(.debug_pubnames)

.debug_info
 *(.debug_info .gnu.linkonce.wi.*)

.debug_abbrev
 *(.debug_abbrev)

.debug_line
 *(.debug_line .debug_line.* .debug_line_end)

.debug_frame
 *(.debug_frame)

.debug_str
 *(.debug_str)

.debug_loc
 *(.debug_loc)

.debug_macinfo
 *(.debug_macinfo)

.debug_weaknames
 *(.debug_weaknames)

.debug_funcnames
 *(.debug_funcnames)

.debug_typenames
 *(.debug_typenames)

.debug_varnames
 *(.debug_varnames)

.debug_pubtypes
 *(.debug_pubtypes)

.debug_ranges
 *(.debug_ranges)

.debug_macro
 *(.debug_macro)
OUTPUT(NiboIntroduction.elf elf32-avr)
LOAD linker stubs
