Archive member included because of file (symbol)

/home/defaultuser/nibolib/lib/libnibo2.a(display.o)
                              ./src/display.o (display_init)
/home/defaultuser/nibolib/lib/libnibo2.a(pwm.o)
                              ./src/main.o (pwm_init)
/home/defaultuser/nibolib/lib/libnibo2.a(delay.o)
                              ./src/display.o (delay)
/home/defaultuser/nibolib/lib/libnibo2.a(spi.o)
                              ./src/helloMotors.o (spi_init)
/home/defaultuser/nibolib/lib/libnibo2.a(gfx.o)
                              ./src/display.o (gfx_fill)
/home/defaultuser/nibolib/lib/libnibo2.a(copro.o)
                              ./src/drive.o (copro_update)
/home/defaultuser/nibolib/lib/libnibo2.a(bot.o)
                              ./src/display.o (bot_update)
/home/defaultuser/nibolib/lib/libnibo2.a(leds.o)
                              ./src/main.o (leds_init)
/home/defaultuser/nibolib/lib/libnibo2.a(adc.o)
                              /home/defaultuser/nibolib/lib/libnibo2.a(bot.o) (adc_read)
/usr/lib/gcc/avr/4.8.1/../../../avr/lib/avr51/libprintf_flt.a(vfprintf_flt.o)
                              (vfprintf)
/usr/lib/gcc/avr/4.8.1/../../../avr/lib/avr51/libm.a(addsf3.o)
                              ./src/display.o (__subsf3)
/usr/lib/gcc/avr/4.8.1/../../../avr/lib/avr51/libm.a(addsf3x.o)
                              /usr/lib/gcc/avr/4.8.1/../../../avr/lib/avr51/libm.a(addsf3.o) (__addsf3x)
/usr/lib/gcc/avr/4.8.1/../../../avr/lib/avr51/libm.a(floatsisf.o)
                              ./src/display.o (__floatunsisf)
/usr/lib/gcc/avr/4.8.1/../../../avr/lib/avr51/libm.a(fp_inf.o)
                              /usr/lib/gcc/avr/4.8.1/../../../avr/lib/avr51/libm.a(addsf3x.o) (__fp_inf)
/usr/lib/gcc/avr/4.8.1/../../../avr/lib/avr51/libm.a(fp_nan.o)
                              /usr/lib/gcc/avr/4.8.1/../../../avr/lib/avr51/libm.a(addsf3x.o) (__fp_nan)
/usr/lib/gcc/avr/4.8.1/../../../avr/lib/avr51/libm.a(fp_pscA.o)
                              /usr/lib/gcc/avr/4.8.1/../../../avr/lib/avr51/libm.a(addsf3x.o) (__fp_pscA)
/usr/lib/gcc/avr/4.8.1/../../../avr/lib/avr51/libm.a(fp_pscB.o)
                              /usr/lib/gcc/avr/4.8.1/../../../avr/lib/avr51/libm.a(addsf3x.o) (__fp_pscB)
/usr/lib/gcc/avr/4.8.1/../../../avr/lib/avr51/libm.a(fp_round.o)
                              /usr/lib/gcc/avr/4.8.1/../../../avr/lib/avr51/libm.a(addsf3.o) (__fp_round)
/usr/lib/gcc/avr/4.8.1/../../../avr/lib/avr51/libm.a(fp_split3.o)
                              /usr/lib/gcc/avr/4.8.1/../../../avr/lib/avr51/libm.a(addsf3x.o) (__fp_split3)
/usr/lib/gcc/avr/4.8.1/../../../avr/lib/avr51/libm.a(fp_zero.o)
                              /usr/lib/gcc/avr/4.8.1/../../../avr/lib/avr51/libm.a(addsf3x.o) (__fp_zero)
/usr/lib/gcc/avr/4.8.1/../../../avr/lib/avr51/libm.a(mulsf3.o)
                              ./src/display.o (__mulsf3)
/usr/lib/gcc/avr/4.8.1/../../../avr/lib/avr51/libm.a(mulsf3x.o)
                              /usr/lib/gcc/avr/4.8.1/../../../avr/lib/avr51/libm.a(mulsf3.o) (__mulsf3x)
/usr/lib/gcc/avr/4.8.1/avr51/libgcc.a(_udivmodhi4.o)
                              ./src/drive.o (__udivmodhi4)
/usr/lib/gcc/avr/4.8.1/avr51/libgcc.a(_divmodhi4.o)
                              ./src/display.o (__divmodhi4)
/usr/lib/gcc/avr/4.8.1/avr51/libgcc.a(_udivmodsi4.o)
                              ./src/uart0.o (__udivmodsi4)
/usr/lib/gcc/avr/4.8.1/avr51/libgcc.a(_exit.o)
                              /usr/lib/gcc/avr/4.8.1/../../../avr/lib/avr51/crtm128.o (exit)
/usr/lib/gcc/avr/4.8.1/avr51/libgcc.a(_copy_data.o)
                              ./src/display.o (__do_copy_data)
/usr/lib/gcc/avr/4.8.1/avr51/libgcc.a(_clear_bss.o)
                              ./src/display.o (__do_clear_bss)
/usr/lib/gcc/avr/4.8.1/../../../avr/lib/avr51/libc.a(ftoa_engine.o)
                              /usr/lib/gcc/avr/4.8.1/../../../avr/lib/avr51/libprintf_flt.a(vfprintf_flt.o) (__ftoa_engine)
/usr/lib/gcc/avr/4.8.1/../../../avr/lib/avr51/libc.a(strnlen_P.o)
                              /usr/lib/gcc/avr/4.8.1/../../../avr/lib/avr51/libprintf_flt.a(vfprintf_flt.o) (strnlen_P)
/usr/lib/gcc/avr/4.8.1/../../../avr/lib/avr51/libc.a(strcpy.o)
                              ./src/display.o (strcpy)
/usr/lib/gcc/avr/4.8.1/../../../avr/lib/avr51/libc.a(strnlen.o)
                              /usr/lib/gcc/avr/4.8.1/../../../avr/lib/avr51/libprintf_flt.a(vfprintf_flt.o) (strnlen)
/usr/lib/gcc/avr/4.8.1/../../../avr/lib/avr51/libc.a(fputc.o)
                              /usr/lib/gcc/avr/4.8.1/../../../avr/lib/avr51/libprintf_flt.a(vfprintf_flt.o) (fputc)
/usr/lib/gcc/avr/4.8.1/../../../avr/lib/avr51/libc.a(sprintf.o)
                              ./src/display.o (sprintf)
/usr/lib/gcc/avr/4.8.1/../../../avr/lib/avr51/libc.a(ultoa_invert.o)
                              /usr/lib/gcc/avr/4.8.1/../../../avr/lib/avr51/libprintf_flt.a(vfprintf_flt.o) (__ultoa_invert)

Allocating common symbols
Common symbol       size              file

copro_ticks_offset_r
                    0x2               /home/defaultuser/nibolib/lib/libnibo2.a(copro.o)
copro_ticks_offset_l
                    0x2               /home/defaultuser/nibolib/lib/libnibo2.a(copro.o)
copro_current_l     0x2               /home/defaultuser/nibolib/lib/libnibo2.a(copro.o)
gfx_dm              0x1               /home/defaultuser/nibolib/lib/libnibo2.a(gfx.o)
adc_random_seed     0x2               /home/defaultuser/nibolib/lib/libnibo2.a(adc.o)
spi_tx_buf          0x1b              /home/defaultuser/nibolib/lib/libnibo2.a(spi.o)
copro_commands      0x15              /home/defaultuser/nibolib/lib/libnibo2.a(copro.o)
spi_rx_size         0x1               /home/defaultuser/nibolib/lib/libnibo2.a(spi.o)
copro_ticks_l       0x2               /home/defaultuser/nibolib/lib/libnibo2.a(copro.o)
copro_rc5_cmd       0x2               /home/defaultuser/nibolib/lib/libnibo2.a(copro.o)
drive_result        0x1               ./src/main.o
pwm_channel_A       0x2               /home/defaultuser/nibolib/lib/libnibo2.a(pwm.o)
copro_distance      0xa               /home/defaultuser/nibolib/lib/libnibo2.a(copro.o)
spi_err_cnt         0x1               /home/defaultuser/nibolib/lib/libnibo2.a(spi.o)
copro_pos_x         0x4               /home/defaultuser/nibolib/lib/libnibo2.a(copro.o)
copro_pos_ori       0x4               /home/defaultuser/nibolib/lib/libnibo2.a(copro.o)
copro_speed_r       0x2               /home/defaultuser/nibolib/lib/libnibo2.a(copro.o)
pwm_channel_B       0x2               /home/defaultuser/nibolib/lib/libnibo2.a(pwm.o)
pwm_timer_ms        0x2               /home/defaultuser/nibolib/lib/libnibo2.a(pwm.o)
spi_tx_size         0x1               /home/defaultuser/nibolib/lib/libnibo2.a(spi.o)
gfx_term_row        0x1               /home/defaultuser/nibolib/lib/libnibo2.a(gfx.o)
gfx_proportional    0x1               /home/defaultuser/nibolib/lib/libnibo2.a(gfx.o)
copro_ticks_r       0x2               /home/defaultuser/nibolib/lib/libnibo2.a(copro.o)
uart0_txbuf_begin   0x1               ./src/uart0.o
copro_pos_y         0x4               /home/defaultuser/nibolib/lib/libnibo2.a(copro.o)
bot_supply          0x2               /home/defaultuser/nibolib/lib/libnibo2.a(bot.o)
spi_frame_cnt       0x1               /home/defaultuser/nibolib/lib/libnibo2.a(spi.o)
copro_ir_mode       0x1               /home/defaultuser/nibolib/lib/libnibo2.a(copro.o)
spi_size            0x1               /home/defaultuser/nibolib/lib/libnibo2.a(spi.o)
copro_rc5_count     0x1               /home/defaultuser/nibolib/lib/libnibo2.a(copro.o)
display_type        0x1               /home/defaultuser/nibolib/lib/libnibo2.a(display.o)
uart0_rxbuf         0x8               ./src/uart0.o
uart0_txbuf         0x8               ./src/uart0.o
gfx_x               0x1               /home/defaultuser/nibolib/lib/libnibo2.a(gfx.o)
copro_current_r     0x2               /home/defaultuser/nibolib/lib/libnibo2.a(copro.o)
copro_buffer        0x1b              /home/defaultuser/nibolib/lib/libnibo2.a(copro.o)
spi_rx_buf          0x1b              /home/defaultuser/nibolib/lib/libnibo2.a(spi.o)
uart0_rxbuf_begin   0x1               ./src/uart0.o
gfx_tile            0x8               /home/defaultuser/nibolib/lib/libnibo2.a(gfx.o)
pwm_channel_C       0x2               /home/defaultuser/nibolib/lib/libnibo2.a(pwm.o)
spi_tx_chk          0x1               /home/defaultuser/nibolib/lib/libnibo2.a(spi.o)
uart0_rxbuf_end     0x1               ./src/uart0.o
pwm_timer_sub       0x2               /home/defaultuser/nibolib/lib/libnibo2.a(pwm.o)
pwm_timer_sec       0x4               /home/defaultuser/nibolib/lib/libnibo2.a(pwm.o)
spi_pos             0x1               /home/defaultuser/nibolib/lib/libnibo2.a(spi.o)
uart0_txbuf_end     0x1               ./src/uart0.o
gfx_y               0x1               /home/defaultuser/nibolib/lib/libnibo2.a(gfx.o)
copro_target_distance
                    0x2               /home/defaultuser/nibolib/lib/libnibo2.a(copro.o)
spi_rx_chk          0x1               /home/defaultuser/nibolib/lib/libnibo2.a(spi.o)
gfx_term_col        0x1               /home/defaultuser/nibolib/lib/libnibo2.a(gfx.o)
copro_seq           0x1               /home/defaultuser/nibolib/lib/libnibo2.a(copro.o)
copro_speed_l       0x2               /home/defaultuser/nibolib/lib/libnibo2.a(copro.o)

Memory Configuration

Name             Origin             Length             Attributes
text             0x0000000000000000 0x0000000000020000 xr
data             0x0000000000800100 0x000000000000ff00 rw !x
eeprom           0x0000000000810000 0x0000000000010000 rw !x
fuse             0x0000000000820000 0x0000000000000400 rw !x
lock             0x0000000000830000 0x0000000000000400 rw !x
signature        0x0000000000840000 0x0000000000000400 rw !x
user_signatures  0x0000000000850000 0x0000000000000400 rw !x
*default*        0x0000000000000000 0xffffffffffffffff

Linker script and memory map

Address of section .data set to 0x800100
LOAD /usr/lib/gcc/avr/4.8.1/../../../avr/lib/avr51/crtm128.o
LOAD ./src/display.o
LOAD ./src/drive.o
LOAD ./src/helloMotors.o
LOAD ./src/main.o
LOAD ./src/n2switchS3.o
LOAD ./src/nibo_leds.o
LOAD ./src/uart0.o
LOAD ./src/xbee.o
LOAD /home/defaultuser/nibolib/lib/libnds3.a
LOAD /home/defaultuser/nibolib/lib/libnibo2.a
LOAD /usr/lib/gcc/avr/4.8.1/../../../avr/lib/avr51/libprintf_flt.a
LOAD /usr/lib/gcc/avr/4.8.1/../../../avr/lib/avr51/libm.a
LOAD /home/defaultuser/nibolib/lib/libuart-0.a
START GROUP
LOAD /usr/lib/gcc/avr/4.8.1/avr51/libgcc.a
LOAD /usr/lib/gcc/avr/4.8.1/../../../avr/lib/avr51/libm.a
LOAD /usr/lib/gcc/avr/4.8.1/../../../avr/lib/avr51/libc.a
END GROUP

.hash
 *(.hash)

.dynsym
 *(.dynsym)

.dynstr
 *(.dynstr)

.gnu.version
 *(.gnu.version)

.gnu.version_d
 *(.gnu.version_d)

.gnu.version_r
 *(.gnu.version_r)

.rel.init
 *(.rel.init)

.rela.init
 *(.rela.init)

.rel.text
 *(.rel.text)
 *(.rel.text.*)
 *(.rel.gnu.linkonce.t*)

.rela.text
 *(.rela.text)
 *(.rela.text.*)
 *(.rela.gnu.linkonce.t*)

.rel.fini
 *(.rel.fini)

.rela.fini
 *(.rela.fini)

.rel.rodata
 *(.rel.rodata)
 *(.rel.rodata.*)
 *(.rel.gnu.linkonce.r*)

.rela.rodata
 *(.rela.rodata)
 *(.rela.rodata.*)
 *(.rela.gnu.linkonce.r*)

.rel.data
 *(.rel.data)
 *(.rel.data.*)
 *(.rel.gnu.linkonce.d*)

.rela.data
 *(.rela.data)
 *(.rela.data.*)
 *(.rela.gnu.linkonce.d*)

.rel.ctors
 *(.rel.ctors)

.rela.ctors
 *(.rela.ctors)

.rel.dtors
 *(.rel.dtors)

.rela.dtors
 *(.rela.dtors)

.rel.got
 *(.rel.got)

.rela.got
 *(.rela.got)

.rel.bss
 *(.rel.bss)

.rela.bss
 *(.rela.bss)

.rel.plt
 *(.rel.plt)

.rela.plt
 *(.rela.plt)

.text           0x0000000000000000     0x2ede
 *(.vectors)
 .vectors       0x0000000000000000       0x8c /usr/lib/gcc/avr/4.8.1/../../../avr/lib/avr51/crtm128.o
                0x0000000000000000                __vectors
                0x0000000000000000                __vector_default
 *(.vectors)
 *(.progmem.gcc*)
                0x000000000000008c                . = ALIGN (0x2)
                0x000000000000008c                __trampolines_start = .
 *(.trampolines)
 .trampolines   0x000000000000008c        0x0 linker stubs
 *(.trampolines*)
                0x000000000000008c                __trampolines_end = .
 *(.progmem*)
 .progmem.data  0x000000000000008c        0x9 /home/defaultuser/nibolib/lib/libnibo2.a(bot.o)
                0x000000000000008c                bot_lib_revision
                0x0000000000000090                bot_lib_version
 .progmem.data  0x0000000000000095        0x8 /usr/lib/gcc/avr/4.8.1/../../../avr/lib/avr51/libprintf_flt.a(vfprintf_flt.o)
 .progmem.data  0x000000000000009d       0xfa /usr/lib/gcc/avr/4.8.1/../../../avr/lib/avr51/libc.a(ftoa_engine.o)
                0x0000000000000198                . = ALIGN (0x2)
 *fill*         0x0000000000000197        0x1 
 *(.jumptables)
 *(.jumptables*)
 *(.lowtext)
 *(.lowtext*)
                0x0000000000000198                __ctors_start = .
 *(.ctors)
                0x0000000000000198                __ctors_end = .
                0x0000000000000198                __dtors_start = .
 *(.dtors)
                0x0000000000000198                __dtors_end = .
 SORT(*)(.ctors)
 SORT(*)(.dtors)
 *(.init0)
 .init0         0x0000000000000198        0x0 /usr/lib/gcc/avr/4.8.1/../../../avr/lib/avr51/crtm128.o
                0x0000000000000198                __init
 *(.init0)
 *(.init1)
 *(.init1)
 *(.init2)
 .init2         0x0000000000000198        0xc /usr/lib/gcc/avr/4.8.1/../../../avr/lib/avr51/crtm128.o
 *(.init2)
 *(.init3)
 *(.init3)
 *(.init4)
 .init4         0x00000000000001a4       0x1a /usr/lib/gcc/avr/4.8.1/avr51/libgcc.a(_copy_data.o)
                0x00000000000001a4                __do_copy_data
 .init4         0x00000000000001be       0x10 /usr/lib/gcc/avr/4.8.1/avr51/libgcc.a(_clear_bss.o)
                0x00000000000001be                __do_clear_bss
 *(.init4)
 *(.init5)
 *(.init5)
 *(.init6)
 *(.init6)
 *(.init7)
 *(.init7)
 *(.init8)
 *(.init8)
 *(.init9)
 .init9         0x00000000000001ce        0x8 /usr/lib/gcc/avr/4.8.1/../../../avr/lib/avr51/crtm128.o
 *(.init9)
 *(.text)
 .text          0x00000000000001d6        0x4 /usr/lib/gcc/avr/4.8.1/../../../avr/lib/avr51/crtm128.o
                0x00000000000001d6                __vector_22
                0x00000000000001d6                __vector_28
                0x00000000000001d6                __vector_1
                0x00000000000001d6                __vector_32
                0x00000000000001d6                __vector_34
                0x00000000000001d6                __vector_24
                0x00000000000001d6                __vector_12
                0x00000000000001d6                __bad_interrupt
                0x00000000000001d6                __vector_6
                0x00000000000001d6                __vector_31
                0x00000000000001d6                __vector_3
                0x00000000000001d6                __vector_23
                0x00000000000001d6                __vector_30
                0x00000000000001d6                __vector_25
                0x00000000000001d6                __vector_11
                0x00000000000001d6                __vector_13
                0x00000000000001d6                __vector_7
                0x00000000000001d6                __vector_27
                0x00000000000001d6                __vector_5
                0x00000000000001d6                __vector_33
                0x00000000000001d6                __vector_4
                0x00000000000001d6                __vector_9
                0x00000000000001d6                __vector_2
                0x00000000000001d6                __vector_21
                0x00000000000001d6                __vector_15
                0x00000000000001d6                __vector_29
                0x00000000000001d6                __vector_8
                0x00000000000001d6                __vector_26
                0x00000000000001d6                __vector_10
                0x00000000000001d6                __vector_16
                0x00000000000001d6                __vector_20
 .text          0x00000000000001da        0x0 ./src/display.o
 .text          0x00000000000001da        0x0 ./src/drive.o
 .text          0x00000000000001da        0x0 ./src/helloMotors.o
 .text          0x00000000000001da        0x0 ./src/main.o
 .text          0x00000000000001da        0x0 ./src/n2switchS3.o
 .text          0x00000000000001da        0x0 ./src/nibo_leds.o
 .text          0x00000000000001da        0x0 ./src/uart0.o
 .text          0x00000000000001da        0x0 ./src/xbee.o
 .text          0x00000000000001da        0x0 /home/defaultuser/nibolib/lib/libnibo2.a(display.o)
 .text          0x00000000000001da        0x0 /home/defaultuser/nibolib/lib/libnibo2.a(pwm.o)
 .text          0x00000000000001da        0x0 /home/defaultuser/nibolib/lib/libnibo2.a(delay.o)
 .text          0x00000000000001da        0x0 /home/defaultuser/nibolib/lib/libnibo2.a(spi.o)
 .text          0x00000000000001da        0x0 /home/defaultuser/nibolib/lib/libnibo2.a(gfx.o)
 .text          0x00000000000001da        0x0 /home/defaultuser/nibolib/lib/libnibo2.a(copro.o)
 .text          0x00000000000001da        0x0 /home/defaultuser/nibolib/lib/libnibo2.a(bot.o)
 .text          0x00000000000001da        0x0 /home/defaultuser/nibolib/lib/libnibo2.a(leds.o)
 .text          0x00000000000001da        0x0 /home/defaultuser/nibolib/lib/libnibo2.a(adc.o)
 .text          0x00000000000001da        0x0 /usr/lib/gcc/avr/4.8.1/../../../avr/lib/avr51/libprintf_flt.a(vfprintf_flt.o)
 .text          0x00000000000001da        0x0 /usr/lib/gcc/avr/4.8.1/../../../avr/lib/avr51/libm.a(addsf3.o)
 .text          0x00000000000001da        0x0 /usr/lib/gcc/avr/4.8.1/../../../avr/lib/avr51/libm.a(addsf3x.o)
 .text          0x00000000000001da        0x0 /usr/lib/gcc/avr/4.8.1/../../../avr/lib/avr51/libm.a(floatsisf.o)
 .text          0x00000000000001da        0x0 /usr/lib/gcc/avr/4.8.1/../../../avr/lib/avr51/libm.a(fp_inf.o)
 .text          0x00000000000001da        0x0 /usr/lib/gcc/avr/4.8.1/../../../avr/lib/avr51/libm.a(fp_nan.o)
 .text          0x00000000000001da        0x0 /usr/lib/gcc/avr/4.8.1/../../../avr/lib/avr51/libm.a(fp_pscA.o)
 .text          0x00000000000001da        0x0 /usr/lib/gcc/avr/4.8.1/../../../avr/lib/avr51/libm.a(fp_pscB.o)
 .text          0x00000000000001da        0x0 /usr/lib/gcc/avr/4.8.1/../../../avr/lib/avr51/libm.a(fp_round.o)
 .text          0x00000000000001da        0x0 /usr/lib/gcc/avr/4.8.1/../../../avr/lib/avr51/libm.a(fp_split3.o)
 .text          0x00000000000001da        0x0 /usr/lib/gcc/avr/4.8.1/../../../avr/lib/avr51/libm.a(fp_zero.o)
 .text          0x00000000000001da        0x0 /usr/lib/gcc/avr/4.8.1/../../../avr/lib/avr51/libm.a(mulsf3.o)
 .text          0x00000000000001da        0x0 /usr/lib/gcc/avr/4.8.1/../../../avr/lib/avr51/libm.a(mulsf3x.o)
 .text          0x00000000000001da        0x0 /usr/lib/gcc/avr/4.8.1/avr51/libgcc.a(_udivmodhi4.o)
 .text          0x00000000000001da        0x0 /usr/lib/gcc/avr/4.8.1/avr51/libgcc.a(_divmodhi4.o)
 .text          0x00000000000001da        0x0 /usr/lib/gcc/avr/4.8.1/avr51/libgcc.a(_udivmodsi4.o)
 .text          0x00000000000001da        0x0 /usr/lib/gcc/avr/4.8.1/avr51/libgcc.a(_exit.o)
 .text          0x00000000000001da        0x0 /usr/lib/gcc/avr/4.8.1/avr51/libgcc.a(_copy_data.o)
 .text          0x00000000000001da        0x0 /usr/lib/gcc/avr/4.8.1/avr51/libgcc.a(_clear_bss.o)
 .text          0x00000000000001da        0x0 /usr/lib/gcc/avr/4.8.1/../../../avr/lib/avr51/libc.a(ftoa_engine.o)
 .text          0x00000000000001da        0x0 /usr/lib/gcc/avr/4.8.1/../../../avr/lib/avr51/libc.a(strnlen_P.o)
 .text          0x00000000000001da        0x0 /usr/lib/gcc/avr/4.8.1/../../../avr/lib/avr51/libc.a(strcpy.o)
 .text          0x00000000000001da        0x0 /usr/lib/gcc/avr/4.8.1/../../../avr/lib/avr51/libc.a(strnlen.o)
 .text          0x00000000000001da        0x0 /usr/lib/gcc/avr/4.8.1/../../../avr/lib/avr51/libc.a(fputc.o)
 .text          0x00000000000001da        0x0 /usr/lib/gcc/avr/4.8.1/../../../avr/lib/avr51/libc.a(sprintf.o)
 .text          0x00000000000001da        0x0 /usr/lib/gcc/avr/4.8.1/../../../avr/lib/avr51/libc.a(ultoa_invert.o)
                0x00000000000001da                . = ALIGN (0x2)
 *(.text.*)
 .text.printVoltage
                0x00000000000001da       0xa6 ./src/display.o
                0x00000000000001da                printVoltage
 .text.displayInit
                0x0000000000000280        0x8 ./src/display.o
                0x0000000000000280                displayInit
 .text.printDisplay
                0x0000000000000288       0x96 ./src/display.o
                0x0000000000000288                printDisplay
 .text.appendLine
                0x000000000000031e       0x78 ./src/display.o
                0x000000000000031e                appendLine
 .text.clear    0x0000000000000396        0xe ./src/display.o
                0x0000000000000396                clear
 .text.side_sensors_too_close
                0x00000000000003a4       0x22 ./src/drive.o
                0x00000000000003a4                side_sensors_too_close
 .text.backwards_mode
                0x00000000000003c6       0x8e ./src/drive.o
                0x00000000000003c6                backwards_mode
 .text.auto_mode_drive
                0x0000000000000454      0x14a ./src/drive.o
                0x0000000000000454                auto_mode_drive
 .text.drive_turn_left
                0x000000000000059e       0x10 ./src/drive.o
                0x000000000000059e                drive_turn_left
 .text.drive_turn_halfLeft
                0x00000000000005ae       0x10 ./src/drive.o
                0x00000000000005ae                drive_turn_halfLeft
 .text.drive_turn_right
                0x00000000000005be       0x10 ./src/drive.o
                0x00000000000005be                drive_turn_right
 .text.drive_turn_halfRight
                0x00000000000005ce       0x10 ./src/drive.o
                0x00000000000005ce                drive_turn_halfRight
 .text.drive_turn_around
                0x00000000000005de       0x10 ./src/drive.o
                0x00000000000005de                drive_turn_around
 .text.drive_forward
                0x00000000000005ee       0x1c ./src/drive.o
                0x00000000000005ee                drive_forward
 .text.stop_completely
                0x000000000000060a        0x4 ./src/drive.o
                0x000000000000060a                stop_completely
 .text.init_bot
                0x000000000000060e       0x16 ./src/helloMotors.o
                0x000000000000060e                init_bot
 .text.b_m      0x0000000000000624       0x8e ./src/helloMotors.o
                0x0000000000000624                b_m
 .text.autoo    0x00000000000006b2      0x146 ./src/helloMotors.o
                0x00000000000006b2                autoo
 .text.init     0x00000000000007f8       0x1e ./src/main.o
                0x00000000000007f8                init
 .text.drive_auto
                0x0000000000000816       0x3c ./src/main.o
                0x0000000000000816                drive_auto
 .text.startup.main
                0x0000000000000852       0xda ./src/main.o
                0x0000000000000852                main
 .text.s3_was_pressed
                0x000000000000092c       0x26 ./src/n2switchS3.o
                0x000000000000092c                s3_was_pressed
 .text.s3_is_pressed
                0x0000000000000952       0x20 ./src/n2switchS3.o
                0x0000000000000952                s3_is_pressed
 .text.all_blocked
                0x0000000000000972       0x16 ./src/nibo_leds.o
                0x0000000000000972                all_blocked
 .text.all_leds_off
                0x0000000000000988       0x16 ./src/nibo_leds.o
                0x0000000000000988                all_leds_off
 .text.going_front
                0x000000000000099e        0xc ./src/nibo_leds.o
                0x000000000000099e                going_front
 .text.going_right
                0x00000000000009aa        0xc ./src/nibo_leds.o
                0x00000000000009aa                going_right
 .text.going_left
                0x00000000000009b6        0xc ./src/nibo_leds.o
                0x00000000000009b6                going_left
 .text.going_half_left
                0x00000000000009c2        0xc ./src/nibo_leds.o
                0x00000000000009c2                going_half_left
 .text.going_half_right
                0x00000000000009ce        0xc ./src/nibo_leds.o
                0x00000000000009ce                going_half_right
 .text.uart0_set_baudrate
                0x00000000000009da       0x2c ./src/uart0.o
                0x00000000000009da                uart0_set_baudrate
 .text.uart0_getchar
                0x0000000000000a06       0x30 ./src/uart0.o
                0x0000000000000a06                uart0_getchar
 .text.uart0_putchar
                0x0000000000000a36       0x38 ./src/uart0.o
                0x0000000000000a36                uart0_putchar
 .text.uart0_enable
                0x0000000000000a6e        0x6 ./src/uart0.o
                0x0000000000000a6e                uart0_enable
 .text.uart0_disable
                0x0000000000000a74        0x4 ./src/uart0.o
                0x0000000000000a74                uart0_disable
 .text.__vector_18
                0x0000000000000a78       0x62 ./src/uart0.o
                0x0000000000000a78                __vector_18
 .text.__vector_19
                0x0000000000000ada       0x64 ./src/uart0.o
                0x0000000000000ada                __vector_19
 .text.initUART0
                0x0000000000000b3e        0xc ./src/xbee.o
                0x0000000000000b3e                initUART0
 .text.sendCmd  0x0000000000000b4a        0xe ./src/xbee.o
                0x0000000000000b4a                sendCmd
 .text.getCmd   0x0000000000000b58       0x12 ./src/xbee.o
                0x0000000000000b58                getCmd
 .text.display_write
                0x0000000000000b6a       0x86 /home/defaultuser/nibolib/lib/libnibo2.a(display.o)
                0x0000000000000b6a                display_write
 .text.display_read
                0x0000000000000bf0       0x82 /home/defaultuser/nibolib/lib/libnibo2.a(display.o)
                0x0000000000000bf0                display_read
 .text.display_wait
                0x0000000000000c72       0x34 /home/defaultuser/nibolib/lib/libnibo2.a(display.o)
                0x0000000000000c72                display_wait
 .text.display_init
                0x0000000000000ca6       0xbc /home/defaultuser/nibolib/lib/libnibo2.a(display.o)
                0x0000000000000ca6                display_init
 .text.pwm_init
                0x0000000000000d62       0x64 /home/defaultuser/nibolib/lib/libnibo2.a(pwm.o)
                0x0000000000000d62                pwm_init
 .text.__vector_14
                0x0000000000000dc6      0x108 /home/defaultuser/nibolib/lib/libnibo2.a(pwm.o)
                0x0000000000000dc6                __vector_14
 .text.delay    0x0000000000000ece       0x14 /home/defaultuser/nibolib/lib/libnibo2.a(delay.o)
                0x0000000000000ece                delay
 .text.spi_restart_transmission
                0x0000000000000ee2       0x3a /home/defaultuser/nibolib/lib/libnibo2.a(spi.o)
                0x0000000000000ee2                spi_restart_transmission
 .text.spi_init
                0x0000000000000f1c       0x10 /home/defaultuser/nibolib/lib/libnibo2.a(spi.o)
                0x0000000000000f1c                spi_init
 .text.__vector_17
                0x0000000000000f2c      0x12e /home/defaultuser/nibolib/lib/libnibo2.a(spi.o)
                0x0000000000000f2c                __vector_17
 .text.gfx_get_x
                0x000000000000105a        0x6 /home/defaultuser/nibolib/lib/libnibo2.a(gfx.o)
                0x000000000000105a                gfx_get_x
 .text.gfx_get_y
                0x0000000000001060        0x6 /home/defaultuser/nibolib/lib/libnibo2.a(gfx.o)
                0x0000000000001060                gfx_get_y
 .text.gfx_draw_mode
                0x0000000000001066        0x6 /home/defaultuser/nibolib/lib/libnibo2.a(gfx.o)
                0x0000000000001066                gfx_draw_mode
 .text.gfx_char_width
                0x000000000000106c       0x40 /home/defaultuser/nibolib/lib/libnibo2.a(gfx.o)
                0x000000000000106c                gfx_char_width
 .text.gfx_text_width
                0x00000000000010ac       0x26 /home/defaultuser/nibolib/lib/libnibo2.a(gfx.o)
                0x00000000000010ac                gfx_text_width
 .text.gfx_text_width_P
                0x00000000000010d2       0x2e /home/defaultuser/nibolib/lib/libnibo2.a(gfx.o)
                0x00000000000010d2                gfx_text_width_P
 .text.gfx_set_proportional
                0x0000000000001100        0x6 /home/defaultuser/nibolib/lib/libnibo2.a(gfx.o)
                0x0000000000001100                gfx_set_proportional
 .text.gfx_get_proportional
                0x0000000000001106        0x6 /home/defaultuser/nibolib/lib/libnibo2.a(gfx.o)
                0x0000000000001106                gfx_get_proportional
 .text.gfx_term_goto
                0x000000000000110c       0x12 /home/defaultuser/nibolib/lib/libnibo2.a(gfx.o)
                0x000000000000110c                gfx_term_goto
 .text.gfx_store_disp_tile
                0x000000000000111e       0xae /home/defaultuser/nibolib/lib/libnibo2.a(gfx.o)
 .text.gfx_fill
                0x00000000000011cc       0x74 /home/defaultuser/nibolib/lib/libnibo2.a(gfx.o)
                0x00000000000011cc                gfx_fill
 .text.gfx_term_clear
                0x0000000000001240       0x10 /home/defaultuser/nibolib/lib/libnibo2.a(gfx.o)
                0x0000000000001240                gfx_term_clear
 .text.gfx_init
                0x0000000000001250       0x7e /home/defaultuser/nibolib/lib/libnibo2.a(gfx.o)
                0x0000000000001250                gfx_init
 .text.gfx_move
                0x00000000000012ce       0x6a /home/defaultuser/nibolib/lib/libnibo2.a(gfx.o)
                0x00000000000012ce                gfx_move
 .text.gfx_term_scroll
                0x0000000000001338       0xe4 /home/defaultuser/nibolib/lib/libnibo2.a(gfx.o)
                0x0000000000001338                gfx_term_scroll
 .text.gfx_display_write2
                0x000000000000141c       0x90 /home/defaultuser/nibolib/lib/libnibo2.a(gfx.o)
                0x000000000000141c                gfx_display_write2
 .text.gfx_pixel
                0x00000000000014ac       0x26 /home/defaultuser/nibolib/lib/libnibo2.a(gfx.o)
                0x00000000000014ac                gfx_pixel
 .text.gfx_draw_xbm_P
                0x00000000000014d2      0x1a4 /home/defaultuser/nibolib/lib/libnibo2.a(gfx.o)
                0x00000000000014d2                gfx_draw_xbm_P
 .text.gfx_draw_xbm
                0x0000000000001676      0x1a4 /home/defaultuser/nibolib/lib/libnibo2.a(gfx.o)
                0x0000000000001676                gfx_draw_xbm
 .text.gfx_box  0x000000000000181a       0x9a /home/defaultuser/nibolib/lib/libnibo2.a(gfx.o)
                0x000000000000181a                gfx_box
 .text.gfx_vline
                0x00000000000018b4        0xa /home/defaultuser/nibolib/lib/libnibo2.a(gfx.o)
                0x00000000000018b4                gfx_vline
 .text.gfx_hline
                0x00000000000018be       0x30 /home/defaultuser/nibolib/lib/libnibo2.a(gfx.o)
                0x00000000000018be                gfx_hline
 .text.gfx_lineTo
                0x00000000000018ee      0x112 /home/defaultuser/nibolib/lib/libnibo2.a(gfx.o)
                0x00000000000018ee                gfx_lineTo
 .text.gfx_print_char_base
                0x0000000000001a00       0xe0 /home/defaultuser/nibolib/lib/libnibo2.a(gfx.o)
                0x0000000000001a00                gfx_print_char_base
 .text.gfx_print_char
                0x0000000000001ae0       0x48 /home/defaultuser/nibolib/lib/libnibo2.a(gfx.o)
                0x0000000000001ae0                gfx_print_char
 .text.gfx_term_print
                0x0000000000001b28       0x88 /home/defaultuser/nibolib/lib/libnibo2.a(gfx.o)
                0x0000000000001b28                gfx_term_print
 .text.gfx_print_text_P
                0x0000000000001bb0       0x22 /home/defaultuser/nibolib/lib/libnibo2.a(gfx.o)
                0x0000000000001bb0                gfx_print_text_P
 .text.gfx_print_text
                0x0000000000001bd2       0x1a /home/defaultuser/nibolib/lib/libnibo2.a(gfx.o)
                0x0000000000001bd2                gfx_print_text
 .text._copro_check_busy
                0x0000000000001bec       0x26 /home/defaultuser/nibolib/lib/libnibo2.a(copro.o)
                0x0000000000001bec                _copro_check_busy
 .text.copro_update
                0x0000000000001c12      0x138 /home/defaultuser/nibolib/lib/libnibo2.a(copro.o)
                0x0000000000001c12                copro_update
 .text.copro_stop
                0x0000000000001d4a        0xc /home/defaultuser/nibolib/lib/libnibo2.a(copro.o)
                0x0000000000001d4a                copro_stop
 .text.copro_stopImmediate
                0x0000000000001d56        0xe /home/defaultuser/nibolib/lib/libnibo2.a(copro.o)
                0x0000000000001d56                copro_stopImmediate
 .text.copro_setPWM
                0x0000000000001d64       0x1e /home/defaultuser/nibolib/lib/libnibo2.a(copro.o)
                0x0000000000001d64                copro_setPWM
 .text.copro_setSpeed
                0x0000000000001d82       0x1e /home/defaultuser/nibolib/lib/libnibo2.a(copro.o)
                0x0000000000001d82                copro_setSpeed
 .text.copro_setTargetAbs
                0x0000000000001da0       0x42 /home/defaultuser/nibolib/lib/libnibo2.a(copro.o)
                0x0000000000001da0                copro_setTargetAbs
 .text.copro_setTargetRel
                0x0000000000001de2       0x26 /home/defaultuser/nibolib/lib/libnibo2.a(copro.o)
                0x0000000000001de2                copro_setTargetRel
 .text.copro_setSpeedParameters
                0x0000000000001e08       0x2e /home/defaultuser/nibolib/lib/libnibo2.a(copro.o)
                0x0000000000001e08                copro_setSpeedParameters
 .text.copro_setPositionParameters
                0x0000000000001e36        0x4 /home/defaultuser/nibolib/lib/libnibo2.a(copro.o)
                0x0000000000001e36                copro_setPositionParameters
 .text.copro_resetOdometry
                0x0000000000001e3a       0x54 /home/defaultuser/nibolib/lib/libnibo2.a(copro.o)
                0x0000000000001e3a                copro_resetOdometry
 .text.copro_ir_stop
                0x0000000000001e8e       0x20 /home/defaultuser/nibolib/lib/libnibo2.a(copro.o)
                0x0000000000001e8e                copro_ir_stop
 .text.copro_ir_startMeasure
                0x0000000000001eae       0x20 /home/defaultuser/nibolib/lib/libnibo2.a(copro.o)
                0x0000000000001eae                copro_ir_startMeasure
 .text.copro_transmitRC5
                0x0000000000001ece       0x2a /home/defaultuser/nibolib/lib/libnibo2.a(copro.o)
                0x0000000000001ece                copro_transmitRC5
 .text.spi_finished_callback
                0x0000000000001ef8       0xac /home/defaultuser/nibolib/lib/libnibo2.a(copro.o)
                0x0000000000001ef8                spi_finished_callback
 .text.bot_update
                0x0000000000001fa4       0x10 /home/defaultuser/nibolib/lib/libnibo2.a(bot.o)
                0x0000000000001fa4                bot_update
 .text.bot_init
                0x0000000000001fb4       0x18 /home/defaultuser/nibolib/lib/libnibo2.a(bot.o)
                0x0000000000001fb4                bot_init
 .text.leds_init
                0x0000000000001fcc       0x10 /home/defaultuser/nibolib/lib/libnibo2.a(leds.o)
                0x0000000000001fcc                leds_init
 .text.leds_set_status
                0x0000000000001fdc       0x66 /home/defaultuser/nibolib/lib/libnibo2.a(leds.o)
                0x0000000000001fdc                leds_set_status
 .text.leds_set_status_intensity
                0x0000000000002042        0xa /home/defaultuser/nibolib/lib/libnibo2.a(leds.o)
                0x0000000000002042                leds_set_status_intensity
 .text.leds_get_status_intensity
                0x000000000000204c        0xa /home/defaultuser/nibolib/lib/libnibo2.a(leds.o)
                0x000000000000204c                leds_get_status_intensity
 .text.leds_set_headlights
                0x0000000000002056        0xa /home/defaultuser/nibolib/lib/libnibo2.a(leds.o)
                0x0000000000002056                leds_set_headlights
 .text.leds_get_headlights
                0x0000000000002060        0xa /home/defaultuser/nibolib/lib/libnibo2.a(leds.o)
                0x0000000000002060                leds_get_headlights
 .text.leds_set_displaylight
                0x000000000000206a        0xa /home/defaultuser/nibolib/lib/libnibo2.a(leds.o)
                0x000000000000206a                leds_set_displaylight
 .text.leds_get_displaylight
                0x0000000000002074        0xa /home/defaultuser/nibolib/lib/libnibo2.a(leds.o)
                0x0000000000002074                leds_get_displaylight
 .text.adc_init
                0x000000000000207e       0x26 /home/defaultuser/nibolib/lib/libnibo2.a(adc.o)
                0x000000000000207e                adc_init
 .text.adc_read
                0x00000000000020a4       0x3c /home/defaultuser/nibolib/lib/libnibo2.a(adc.o)
                0x00000000000020a4                adc_read
 .text.adc_get_random_seed
                0x00000000000020e0        0xa /home/defaultuser/nibolib/lib/libnibo2.a(adc.o)
                0x00000000000020e0                adc_get_random_seed
 .text.avr-libc
                0x00000000000020ea      0x748 /usr/lib/gcc/avr/4.8.1/../../../avr/lib/avr51/libprintf_flt.a(vfprintf_flt.o)
                0x00000000000020ea                vfprintf
 .text.avr-libc.fplib
                0x0000000000002832        0xa /usr/lib/gcc/avr/4.8.1/../../../avr/lib/avr51/libm.a(addsf3.o)
                0x0000000000002832                __subsf3
                0x0000000000002834                __addsf3
 .text.avr-libc.fplib
                0x000000000000283c       0xc0 /usr/lib/gcc/avr/4.8.1/../../../avr/lib/avr51/libm.a(addsf3x.o)
                0x0000000000002856                __addsf3x
 .text.avr-libc.fplib
                0x00000000000028fc       0x7a /usr/lib/gcc/avr/4.8.1/../../../avr/lib/avr51/libm.a(floatsisf.o)
                0x00000000000028fc                __floatunsisf
                0x0000000000002900                __floatsisf
 .text.avr-libc.fplib
                0x0000000000002976        0xc /usr/lib/gcc/avr/4.8.1/../../../avr/lib/avr51/libm.a(fp_inf.o)
                0x0000000000002976                __fp_inf
 .text.avr-libc.fplib
                0x0000000000002982        0x6 /usr/lib/gcc/avr/4.8.1/../../../avr/lib/avr51/libm.a(fp_nan.o)
                0x0000000000002982                __fp_nan
 .text.avr-libc.fplib
                0x0000000000002988        0xe /usr/lib/gcc/avr/4.8.1/../../../avr/lib/avr51/libm.a(fp_pscA.o)
                0x0000000000002988                __fp_pscA
 .text.avr-libc.fplib
                0x0000000000002996        0xe /usr/lib/gcc/avr/4.8.1/../../../avr/lib/avr51/libm.a(fp_pscB.o)
                0x0000000000002996                __fp_pscB
 .text.avr-libc.fplib
                0x00000000000029a4       0x22 /usr/lib/gcc/avr/4.8.1/../../../avr/lib/avr51/libm.a(fp_round.o)
                0x00000000000029a4                __fp_round
 .text.avr-libc.fplib
                0x00000000000029c6       0x44 /usr/lib/gcc/avr/4.8.1/../../../avr/lib/avr51/libm.a(fp_split3.o)
                0x00000000000029c6                __fp_split3
                0x00000000000029d6                __fp_splitA
 .text.avr-libc.fplib
                0x0000000000002a0a        0xe /usr/lib/gcc/avr/4.8.1/../../../avr/lib/avr51/libm.a(fp_zero.o)
                0x0000000000002a0a                __fp_zero
                0x0000000000002a0c                __fp_szero
 .text.avr-libc.fplib
                0x0000000000002a18        0x4 /usr/lib/gcc/avr/4.8.1/../../../avr/lib/avr51/libm.a(mulsf3.o)
                0x0000000000002a18                __mulsf3
 .text.avr-libc.fplib
                0x0000000000002a1c       0xc2 /usr/lib/gcc/avr/4.8.1/../../../avr/lib/avr51/libm.a(mulsf3x.o)
                0x0000000000002a30                __mulsf3x
                0x0000000000002a34                __mulsf3_pse
 .text.libgcc.mul
                0x0000000000002ade        0x0 /usr/lib/gcc/avr/4.8.1/avr51/libgcc.a(_udivmodhi4.o)
 .text.libgcc.div
                0x0000000000002ade       0x28 /usr/lib/gcc/avr/4.8.1/avr51/libgcc.a(_udivmodhi4.o)
                0x0000000000002ade                __udivmodhi4
 .text.libgcc   0x0000000000002b06        0x0 /usr/lib/gcc/avr/4.8.1/avr51/libgcc.a(_udivmodhi4.o)
 .text.libgcc.prologue
                0x0000000000002b06        0x0 /usr/lib/gcc/avr/4.8.1/avr51/libgcc.a(_udivmodhi4.o)
 .text.libgcc.builtins
                0x0000000000002b06        0x0 /usr/lib/gcc/avr/4.8.1/avr51/libgcc.a(_udivmodhi4.o)
 .text.libgcc.fmul
                0x0000000000002b06        0x0 /usr/lib/gcc/avr/4.8.1/avr51/libgcc.a(_udivmodhi4.o)
 .text.libgcc.fixed
                0x0000000000002b06        0x0 /usr/lib/gcc/avr/4.8.1/avr51/libgcc.a(_udivmodhi4.o)
 .text.libgcc.mul
                0x0000000000002b06        0x0 /usr/lib/gcc/avr/4.8.1/avr51/libgcc.a(_divmodhi4.o)
 .text.libgcc.div
                0x0000000000002b06       0x28 /usr/lib/gcc/avr/4.8.1/avr51/libgcc.a(_divmodhi4.o)
                0x0000000000002b06                __divmodhi4
                0x0000000000002b06                _div
 .text.libgcc   0x0000000000002b2e        0x0 /usr/lib/gcc/avr/4.8.1/avr51/libgcc.a(_divmodhi4.o)
 .text.libgcc.prologue
                0x0000000000002b2e        0x0 /usr/lib/gcc/avr/4.8.1/avr51/libgcc.a(_divmodhi4.o)
 .text.libgcc.builtins
                0x0000000000002b2e        0x0 /usr/lib/gcc/avr/4.8.1/avr51/libgcc.a(_divmodhi4.o)
 .text.libgcc.fmul
                0x0000000000002b2e        0x0 /usr/lib/gcc/avr/4.8.1/avr51/libgcc.a(_divmodhi4.o)
 .text.libgcc.fixed
                0x0000000000002b2e        0x0 /usr/lib/gcc/avr/4.8.1/avr51/libgcc.a(_divmodhi4.o)
 .text.libgcc.mul
                0x0000000000002b2e        0x0 /usr/lib/gcc/avr/4.8.1/avr51/libgcc.a(_udivmodsi4.o)
 .text.libgcc.div
                0x0000000000002b2e       0x44 /usr/lib/gcc/avr/4.8.1/avr51/libgcc.a(_udivmodsi4.o)
                0x0000000000002b2e                __udivmodsi4
 .text.libgcc   0x0000000000002b72        0x0 /usr/lib/gcc/avr/4.8.1/avr51/libgcc.a(_udivmodsi4.o)
 .text.libgcc.prologue
                0x0000000000002b72        0x0 /usr/lib/gcc/avr/4.8.1/avr51/libgcc.a(_udivmodsi4.o)
 .text.libgcc.builtins
                0x0000000000002b72        0x0 /usr/lib/gcc/avr/4.8.1/avr51/libgcc.a(_udivmodsi4.o)
 .text.libgcc.fmul
                0x0000000000002b72        0x0 /usr/lib/gcc/avr/4.8.1/avr51/libgcc.a(_udivmodsi4.o)
 .text.libgcc.fixed
                0x0000000000002b72        0x0 /usr/lib/gcc/avr/4.8.1/avr51/libgcc.a(_udivmodsi4.o)
 .text.libgcc.mul
                0x0000000000002b72        0x0 /usr/lib/gcc/avr/4.8.1/avr51/libgcc.a(_exit.o)
 .text.libgcc.div
                0x0000000000002b72        0x0 /usr/lib/gcc/avr/4.8.1/avr51/libgcc.a(_exit.o)
 .text.libgcc   0x0000000000002b72        0x0 /usr/lib/gcc/avr/4.8.1/avr51/libgcc.a(_exit.o)
 .text.libgcc.prologue
                0x0000000000002b72        0x0 /usr/lib/gcc/avr/4.8.1/avr51/libgcc.a(_exit.o)
 .text.libgcc.builtins
                0x0000000000002b72        0x0 /usr/lib/gcc/avr/4.8.1/avr51/libgcc.a(_exit.o)
 .text.libgcc.fmul
                0x0000000000002b72        0x0 /usr/lib/gcc/avr/4.8.1/avr51/libgcc.a(_exit.o)
 .text.libgcc.fixed
                0x0000000000002b72        0x0 /usr/lib/gcc/avr/4.8.1/avr51/libgcc.a(_exit.o)
 .text.libgcc.mul
                0x0000000000002b72        0x0 /usr/lib/gcc/avr/4.8.1/avr51/libgcc.a(_copy_data.o)
 .text.libgcc.div
                0x0000000000002b72        0x0 /usr/lib/gcc/avr/4.8.1/avr51/libgcc.a(_copy_data.o)
 .text.libgcc   0x0000000000002b72        0x0 /usr/lib/gcc/avr/4.8.1/avr51/libgcc.a(_copy_data.o)
 .text.libgcc.prologue
                0x0000000000002b72        0x0 /usr/lib/gcc/avr/4.8.1/avr51/libgcc.a(_copy_data.o)
 .text.libgcc.builtins
                0x0000000000002b72        0x0 /usr/lib/gcc/avr/4.8.1/avr51/libgcc.a(_copy_data.o)
 .text.libgcc.fmul
                0x0000000000002b72        0x0 /usr/lib/gcc/avr/4.8.1/avr51/libgcc.a(_copy_data.o)
 .text.libgcc.fixed
                0x0000000000002b72        0x0 /usr/lib/gcc/avr/4.8.1/avr51/libgcc.a(_copy_data.o)
 .text.libgcc.mul
                0x0000000000002b72        0x0 /usr/lib/gcc/avr/4.8.1/avr51/libgcc.a(_clear_bss.o)
 .text.libgcc.div
                0x0000000000002b72        0x0 /usr/lib/gcc/avr/4.8.1/avr51/libgcc.a(_clear_bss.o)
 .text.libgcc   0x0000000000002b72        0x0 /usr/lib/gcc/avr/4.8.1/avr51/libgcc.a(_clear_bss.o)
 .text.libgcc.prologue
                0x0000000000002b72        0x0 /usr/lib/gcc/avr/4.8.1/avr51/libgcc.a(_clear_bss.o)
 .text.libgcc.builtins
                0x0000000000002b72        0x0 /usr/lib/gcc/avr/4.8.1/avr51/libgcc.a(_clear_bss.o)
 .text.libgcc.fmul
                0x0000000000002b72        0x0 /usr/lib/gcc/avr/4.8.1/avr51/libgcc.a(_clear_bss.o)
 .text.libgcc.fixed
                0x0000000000002b72        0x0 /usr/lib/gcc/avr/4.8.1/avr51/libgcc.a(_clear_bss.o)
 .text.avr-libc
                0x0000000000002b72      0x1b0 /usr/lib/gcc/avr/4.8.1/../../../avr/lib/avr51/libc.a(ftoa_engine.o)
                0x0000000000002b72                __ftoa_engine
 .text.avr-libc
                0x0000000000002d22       0x16 /usr/lib/gcc/avr/4.8.1/../../../avr/lib/avr51/libc.a(strnlen_P.o)
                0x0000000000002d22                strnlen_P
 .text.avr-libc
                0x0000000000002d38        0xe /usr/lib/gcc/avr/4.8.1/../../../avr/lib/avr51/libc.a(strcpy.o)
                0x0000000000002d38                strcpy
 .text.avr-libc
                0x0000000000002d46       0x16 /usr/lib/gcc/avr/4.8.1/../../../avr/lib/avr51/libc.a(strnlen.o)
                0x0000000000002d46                strnlen
 .text.avr-libc
                0x0000000000002d5c       0x64 /usr/lib/gcc/avr/4.8.1/../../../avr/lib/avr51/libc.a(fputc.o)
                0x0000000000002d5c                fputc
 .text.avr-libc
                0x0000000000002dc0       0x5e /usr/lib/gcc/avr/4.8.1/../../../avr/lib/avr51/libc.a(sprintf.o)
                0x0000000000002dc0                sprintf
 .text.avr-libc
                0x0000000000002e1e       0xbc /usr/lib/gcc/avr/4.8.1/../../../avr/lib/avr51/libc.a(ultoa_invert.o)
                0x0000000000002e1e                __ultoa_invert
                0x0000000000002eda                . = ALIGN (0x2)
 *(.fini9)
 .fini9         0x0000000000002eda        0x0 /usr/lib/gcc/avr/4.8.1/avr51/libgcc.a(_exit.o)
                0x0000000000002eda                exit
                0x0000000000002eda                _exit
 *(.fini9)
 *(.fini8)
 *(.fini8)
 *(.fini7)
 *(.fini7)
 *(.fini6)
 *(.fini6)
 *(.fini5)
 *(.fini5)
 *(.fini4)
 *(.fini4)
 *(.fini3)
 *(.fini3)
 *(.fini2)
 *(.fini2)
 *(.fini1)
 *(.fini1)
 *(.fini0)
 .fini0         0x0000000000002eda        0x4 /usr/lib/gcc/avr/4.8.1/avr51/libgcc.a(_exit.o)
 *(.fini0)
                0x0000000000002ede                _etext = .

.data           0x0000000000800100      0x286 load address 0x0000000000002ede
                0x0000000000800100                PROVIDE (__data_start, .)
 *(.data)
 .data          0x0000000000800100        0x0 /usr/lib/gcc/avr/4.8.1/../../../avr/lib/avr51/crtm128.o
 .data          0x0000000000800100        0x0 ./src/display.o
 .data          0x0000000000800100        0x0 ./src/drive.o
 .data          0x0000000000800100        0x0 ./src/helloMotors.o
 .data          0x0000000000800100        0x0 ./src/main.o
 .data          0x0000000000800100        0x0 ./src/n2switchS3.o
 .data          0x0000000000800100        0x0 ./src/nibo_leds.o
 .data          0x0000000000800100        0x0 ./src/uart0.o
 .data          0x0000000000800100        0x0 ./src/xbee.o
 .data          0x0000000000800100        0x0 /home/defaultuser/nibolib/lib/libnibo2.a(display.o)
 .data          0x0000000000800100        0x0 /home/defaultuser/nibolib/lib/libnibo2.a(pwm.o)
 .data          0x0000000000800100        0x0 /home/defaultuser/nibolib/lib/libnibo2.a(delay.o)
 .data          0x0000000000800100        0x0 /home/defaultuser/nibolib/lib/libnibo2.a(spi.o)
 .data          0x0000000000800100      0x240 /home/defaultuser/nibolib/lib/libnibo2.a(gfx.o)
                0x0000000000800100                fontTiles
 .data          0x0000000000800340        0x0 /home/defaultuser/nibolib/lib/libnibo2.a(copro.o)
 .data          0x0000000000800340        0x0 /home/defaultuser/nibolib/lib/libnibo2.a(bot.o)
 .data          0x0000000000800340        0x0 /home/defaultuser/nibolib/lib/libnibo2.a(leds.o)
 .data          0x0000000000800340        0x0 /home/defaultuser/nibolib/lib/libnibo2.a(adc.o)
 .data          0x0000000000800340        0x0 /usr/lib/gcc/avr/4.8.1/../../../avr/lib/avr51/libprintf_flt.a(vfprintf_flt.o)
 .data          0x0000000000800340        0x0 /usr/lib/gcc/avr/4.8.1/../../../avr/lib/avr51/libm.a(addsf3.o)
 .data          0x0000000000800340        0x0 /usr/lib/gcc/avr/4.8.1/../../../avr/lib/avr51/libm.a(addsf3x.o)
 .data          0x0000000000800340        0x0 /usr/lib/gcc/avr/4.8.1/../../../avr/lib/avr51/libm.a(floatsisf.o)
 .data          0x0000000000800340        0x0 /usr/lib/gcc/avr/4.8.1/../../../avr/lib/avr51/libm.a(fp_inf.o)
 .data          0x0000000000800340        0x0 /usr/lib/gcc/avr/4.8.1/../../../avr/lib/avr51/libm.a(fp_nan.o)
 .data          0x0000000000800340        0x0 /usr/lib/gcc/avr/4.8.1/../../../avr/lib/avr51/libm.a(fp_pscA.o)
 .data          0x0000000000800340        0x0 /usr/lib/gcc/avr/4.8.1/../../../avr/lib/avr51/libm.a(fp_pscB.o)
 .data          0x0000000000800340        0x0 /usr/lib/gcc/avr/4.8.1/../../../avr/lib/avr51/libm.a(fp_round.o)
 .data          0x0000000000800340        0x0 /usr/lib/gcc/avr/4.8.1/../../../avr/lib/avr51/libm.a(fp_split3.o)
 .data          0x0000000000800340        0x0 /usr/lib/gcc/avr/4.8.1/../../../avr/lib/avr51/libm.a(fp_zero.o)
 .data          0x0000000000800340        0x0 /usr/lib/gcc/avr/4.8.1/../../../avr/lib/avr51/libm.a(mulsf3.o)
 .data          0x0000000000800340        0x0 /usr/lib/gcc/avr/4.8.1/../../../avr/lib/avr51/libm.a(mulsf3x.o)
 .data          0x0000000000800340        0x0 /usr/lib/gcc/avr/4.8.1/avr51/libgcc.a(_udivmodhi4.o)
 .data          0x0000000000800340        0x0 /usr/lib/gcc/avr/4.8.1/avr51/libgcc.a(_divmodhi4.o)
 .data          0x0000000000800340        0x0 /usr/lib/gcc/avr/4.8.1/avr51/libgcc.a(_udivmodsi4.o)
 .data          0x0000000000800340        0x0 /usr/lib/gcc/avr/4.8.1/avr51/libgcc.a(_exit.o)
 .data          0x0000000000800340        0x0 /usr/lib/gcc/avr/4.8.1/avr51/libgcc.a(_copy_data.o)
 .data          0x0000000000800340        0x0 /usr/lib/gcc/avr/4.8.1/avr51/libgcc.a(_clear_bss.o)
 .data          0x0000000000800340        0x0 /usr/lib/gcc/avr/4.8.1/../../../avr/lib/avr51/libc.a(ftoa_engine.o)
 .data          0x0000000000800340        0x0 /usr/lib/gcc/avr/4.8.1/../../../avr/lib/avr51/libc.a(strnlen_P.o)
 .data          0x0000000000800340        0x0 /usr/lib/gcc/avr/4.8.1/../../../avr/lib/avr51/libc.a(strcpy.o)
 .data          0x0000000000800340        0x0 /usr/lib/gcc/avr/4.8.1/../../../avr/lib/avr51/libc.a(strnlen.o)
 .data          0x0000000000800340        0x0 /usr/lib/gcc/avr/4.8.1/../../../avr/lib/avr51/libc.a(fputc.o)
 .data          0x0000000000800340        0x0 /usr/lib/gcc/avr/4.8.1/../../../avr/lib/avr51/libc.a(sprintf.o)
 .data          0x0000000000800340        0x0 /usr/lib/gcc/avr/4.8.1/../../../avr/lib/avr51/libc.a(ultoa_invert.o)
 *(.data*)
 .data.auto_flag
                0x0000000000800340        0x1 ./src/main.o
                0x0000000000800340                auto_flag
 .data.last_cmd
                0x0000000000800341        0x1 ./src/main.o
                0x0000000000800341                last_cmd
 .data.mode     0x0000000000800342        0x1 ./src/main.o
                0x0000000000800342                mode
 *(.rodata)
 *(.rodata*)
 .rodata.str1.1
                0x0000000000800343       0x24 ./src/display.o
 .rodata.str1.1
                0x0000000000800367       0x1e ./src/main.o
 *(.gnu.linkonce.d*)
                0x0000000000800386                . = ALIGN (0x2)
 *fill*         0x0000000000800385        0x1 
                0x0000000000800386                _edata = .
                0x0000000000800386                PROVIDE (__data_end, .)

.bss            0x0000000000800386      0x156
                0x0000000000800386                PROVIDE (__bss_start, .)
 *(.bss)
 .bss           0x0000000000800386        0x0 /usr/lib/gcc/avr/4.8.1/../../../avr/lib/avr51/crtm128.o
 .bss           0x0000000000800386        0x0 ./src/display.o
 .bss           0x0000000000800386        0x0 ./src/drive.o
 .bss           0x0000000000800386        0x0 ./src/helloMotors.o
 .bss           0x0000000000800386        0x0 ./src/main.o
 .bss           0x0000000000800386        0x0 ./src/n2switchS3.o
 .bss           0x0000000000800386        0x0 ./src/nibo_leds.o
 .bss           0x0000000000800386        0x0 ./src/uart0.o
 .bss           0x0000000000800386        0x0 ./src/xbee.o
 .bss           0x0000000000800386        0x0 /home/defaultuser/nibolib/lib/libnibo2.a(display.o)
 .bss           0x0000000000800386        0x0 /home/defaultuser/nibolib/lib/libnibo2.a(pwm.o)
 .bss           0x0000000000800386        0x0 /home/defaultuser/nibolib/lib/libnibo2.a(delay.o)
 .bss           0x0000000000800386        0x0 /home/defaultuser/nibolib/lib/libnibo2.a(spi.o)
 .bss           0x0000000000800386        0x0 /home/defaultuser/nibolib/lib/libnibo2.a(gfx.o)
 .bss           0x0000000000800386        0x0 /home/defaultuser/nibolib/lib/libnibo2.a(copro.o)
 .bss           0x0000000000800386        0x0 /home/defaultuser/nibolib/lib/libnibo2.a(bot.o)
 .bss           0x0000000000800386        0x0 /home/defaultuser/nibolib/lib/libnibo2.a(leds.o)
 .bss           0x0000000000800386        0x0 /home/defaultuser/nibolib/lib/libnibo2.a(adc.o)
 .bss           0x0000000000800386        0x0 /usr/lib/gcc/avr/4.8.1/../../../avr/lib/avr51/libprintf_flt.a(vfprintf_flt.o)
 .bss           0x0000000000800386        0x0 /usr/lib/gcc/avr/4.8.1/../../../avr/lib/avr51/libm.a(addsf3.o)
 .bss           0x0000000000800386        0x0 /usr/lib/gcc/avr/4.8.1/../../../avr/lib/avr51/libm.a(addsf3x.o)
 .bss           0x0000000000800386        0x0 /usr/lib/gcc/avr/4.8.1/../../../avr/lib/avr51/libm.a(floatsisf.o)
 .bss           0x0000000000800386        0x0 /usr/lib/gcc/avr/4.8.1/../../../avr/lib/avr51/libm.a(fp_inf.o)
 .bss           0x0000000000800386        0x0 /usr/lib/gcc/avr/4.8.1/../../../avr/lib/avr51/libm.a(fp_nan.o)
 .bss           0x0000000000800386        0x0 /usr/lib/gcc/avr/4.8.1/../../../avr/lib/avr51/libm.a(fp_pscA.o)
 .bss           0x0000000000800386        0x0 /usr/lib/gcc/avr/4.8.1/../../../avr/lib/avr51/libm.a(fp_pscB.o)
 .bss           0x0000000000800386        0x0 /usr/lib/gcc/avr/4.8.1/../../../avr/lib/avr51/libm.a(fp_round.o)
 .bss           0x0000000000800386        0x0 /usr/lib/gcc/avr/4.8.1/../../../avr/lib/avr51/libm.a(fp_split3.o)
 .bss           0x0000000000800386        0x0 /usr/lib/gcc/avr/4.8.1/../../../avr/lib/avr51/libm.a(fp_zero.o)
 .bss           0x0000000000800386        0x0 /usr/lib/gcc/avr/4.8.1/../../../avr/lib/avr51/libm.a(mulsf3.o)
 .bss           0x0000000000800386        0x0 /usr/lib/gcc/avr/4.8.1/../../../avr/lib/avr51/libm.a(mulsf3x.o)
 .bss           0x0000000000800386        0x0 /usr/lib/gcc/avr/4.8.1/avr51/libgcc.a(_udivmodhi4.o)
 .bss           0x0000000000800386        0x0 /usr/lib/gcc/avr/4.8.1/avr51/libgcc.a(_divmodhi4.o)
 .bss           0x0000000000800386        0x0 /usr/lib/gcc/avr/4.8.1/avr51/libgcc.a(_udivmodsi4.o)
 .bss           0x0000000000800386        0x0 /usr/lib/gcc/avr/4.8.1/avr51/libgcc.a(_exit.o)
 .bss           0x0000000000800386        0x0 /usr/lib/gcc/avr/4.8.1/avr51/libgcc.a(_copy_data.o)
 .bss           0x0000000000800386        0x0 /usr/lib/gcc/avr/4.8.1/avr51/libgcc.a(_clear_bss.o)
 .bss           0x0000000000800386        0x0 /usr/lib/gcc/avr/4.8.1/../../../avr/lib/avr51/libc.a(ftoa_engine.o)
 .bss           0x0000000000800386        0x0 /usr/lib/gcc/avr/4.8.1/../../../avr/lib/avr51/libc.a(strnlen_P.o)
 .bss           0x0000000000800386        0x0 /usr/lib/gcc/avr/4.8.1/../../../avr/lib/avr51/libc.a(strcpy.o)
 .bss           0x0000000000800386        0x0 /usr/lib/gcc/avr/4.8.1/../../../avr/lib/avr51/libc.a(strnlen.o)
 .bss           0x0000000000800386        0x0 /usr/lib/gcc/avr/4.8.1/../../../avr/lib/avr51/libc.a(fputc.o)
 .bss           0x0000000000800386        0x0 /usr/lib/gcc/avr/4.8.1/../../../avr/lib/avr51/libc.a(sprintf.o)
 .bss           0x0000000000800386        0x0 /usr/lib/gcc/avr/4.8.1/../../../avr/lib/avr51/libc.a(ultoa_invert.o)
 *(.bss*)
 .bss.counter   0x0000000000800386        0x2 ./src/display.o
                0x0000000000800386                counter
 .bss.line_index
                0x0000000000800388        0x2 ./src/display.o
                0x0000000000800388                line_index
 .bss.display_text
                0x000000000080038a       0x64 ./src/display.o
                0x000000000080038a                display_text
 .bss.l         0x00000000008003ee        0x1 ./src/drive.o
                0x00000000008003ee                l
 .bss.r         0x00000000008003ef        0x1 ./src/drive.o
                0x00000000008003ef                r
 .bss.distance  0x00000000008003f0        0x1 ./src/drive.o
                0x00000000008003f0                distance
 .bss.l_l       0x00000000008003f1        0x2 ./src/helloMotors.o
                0x00000000008003f1                l_l
 .bss.r_r       0x00000000008003f3        0x2 ./src/helloMotors.o
                0x00000000008003f3                r_r
 .bss.dis       0x00000000008003f5        0x2 ./src/helloMotors.o
                0x00000000008003f5                dis
 .bss.text      0x00000000008003f7       0x14 ./src/main.o
                0x00000000008003f7                text
 *(COMMON)
 COMMON         0x000000000080040b        0x1 ./src/main.o
                0x000000000080040b                drive_result
 COMMON         0x000000000080040c       0x14 ./src/uart0.o
                0x000000000080040c                uart0_txbuf_begin
                0x000000000080040d                uart0_rxbuf
                0x0000000000800415                uart0_txbuf
                0x000000000080041d                uart0_rxbuf_begin
                0x000000000080041e                uart0_rxbuf_end
                0x000000000080041f                uart0_txbuf_end
 COMMON         0x0000000000800420        0x1 /home/defaultuser/nibolib/lib/libnibo2.a(display.o)
                0x0000000000800420                display_type
 COMMON         0x0000000000800421        0xe /home/defaultuser/nibolib/lib/libnibo2.a(pwm.o)
                0x0000000000800421                pwm_channel_A
                0x0000000000800423                pwm_channel_B
                0x0000000000800425                pwm_timer_ms
                0x0000000000800427                pwm_channel_C
                0x0000000000800429                pwm_timer_sub
                0x000000000080042b                pwm_timer_sec
 COMMON         0x000000000080042f       0x3e /home/defaultuser/nibolib/lib/libnibo2.a(spi.o)
                0x000000000080042f                spi_tx_buf
                0x000000000080044a                spi_rx_size
                0x000000000080044b                spi_err_cnt
                0x000000000080044c                spi_tx_size
                0x000000000080044d                spi_frame_cnt
                0x000000000080044e                spi_size
                0x000000000080044f                spi_rx_buf
                0x000000000080046a                spi_tx_chk
                0x000000000080046b                spi_pos
                0x000000000080046c                spi_rx_chk
 COMMON         0x000000000080046d        0xe /home/defaultuser/nibolib/lib/libnibo2.a(gfx.o)
                0x000000000080046d                gfx_dm
                0x000000000080046e                gfx_term_row
                0x000000000080046f                gfx_proportional
                0x0000000000800470                gfx_x
                0x0000000000800471                gfx_tile
                0x0000000000800479                gfx_y
                0x000000000080047a                gfx_term_col
 COMMON         0x000000000080047b       0x5d /home/defaultuser/nibolib/lib/libnibo2.a(copro.o)
                0x000000000080047b                copro_ticks_offset_r
                0x000000000080047d                copro_ticks_offset_l
                0x000000000080047f                copro_current_l
                0x0000000000800481                copro_commands
                0x0000000000800496                copro_ticks_l
                0x0000000000800498                copro_rc5_cmd
                0x000000000080049a                copro_distance
                0x00000000008004a4                copro_pos_x
                0x00000000008004a8                copro_pos_ori
                0x00000000008004ac                copro_speed_r
                0x00000000008004ae                copro_ticks_r
                0x00000000008004b0                copro_pos_y
                0x00000000008004b4                copro_ir_mode
                0x00000000008004b5                copro_rc5_count
                0x00000000008004b6                copro_current_r
                0x00000000008004b8                copro_buffer
                0x00000000008004d3                copro_target_distance
                0x00000000008004d5                copro_seq
                0x00000000008004d6                copro_speed_l
 COMMON         0x00000000008004d8        0x2 /home/defaultuser/nibolib/lib/libnibo2.a(bot.o)
                0x00000000008004d8                bot_supply
 COMMON         0x00000000008004da        0x2 /home/defaultuser/nibolib/lib/libnibo2.a(adc.o)
                0x00000000008004da                adc_random_seed
                0x00000000008004dc                PROVIDE (__bss_end, .)
                0x0000000000002ede                __data_load_start = LOADADDR (.data)
                0x0000000000003164                __data_load_end = (__data_load_start + SIZEOF (.data))

.noinit         0x00000000008004dc        0x0
                0x00000000008004dc                PROVIDE (__noinit_start, .)
 *(.noinit*)
                0x00000000008004dc                PROVIDE (__noinit_end, .)
                0x00000000008004dc                _end = .
                0x00000000008004dc                PROVIDE (__heap_start, .)

.eeprom         0x0000000000810000        0x0
 *(.eeprom*)
                0x0000000000810000                __eeprom_end = .

.fuse
 *(.fuse)
 *(.lfuse)
 *(.hfuse)
 *(.efuse)

.lock
 *(.lock*)

.signature
 *(.signature*)

.user_signatures
 *(.user_signatures*)

.stab           0x0000000000000000     0x2ce8
 *(.stab)
 .stab          0x0000000000000000      0x768 ./src/display.o
 .stab          0x0000000000000768      0x78c ./src/drive.o
                                        0x96c (size before relaxing)
 .stab          0x0000000000000ef4      0x5a0 ./src/helloMotors.o
                                        0x810 (size before relaxing)
 .stab          0x0000000000001494      0x648 ./src/main.o
                                        0x8e8 (size before relaxing)
 .stab          0x0000000000001adc      0x384 ./src/n2switchS3.o
                                        0x558 (size before relaxing)
 .stab          0x0000000000001e60      0x48c ./src/nibo_leds.o
                                        0x6e4 (size before relaxing)
 .stab          0x00000000000022ec      0x648 ./src/uart0.o
                                        0x810 (size before relaxing)
 .stab          0x0000000000002934      0x3b4 ./src/xbee.o
                                        0x630 (size before relaxing)

.stabstr        0x0000000000000000     0x1565
 *(.stabstr)
 .stabstr       0x0000000000000000     0x1565 ./src/display.o

.stab.excl
 *(.stab.excl)

.stab.exclstr
 *(.stab.exclstr)

.stab.index
 *(.stab.index)

.stab.indexstr
 *(.stab.indexstr)

.comment        0x0000000000000000       0x11
 *(.comment)
 .comment       0x0000000000000000       0x11 ./src/display.o
                                         0x12 (size before relaxing)
 .comment       0x0000000000000000       0x12 ./src/drive.o
 .comment       0x0000000000000000       0x12 ./src/helloMotors.o
 .comment       0x0000000000000000       0x12 ./src/main.o
 .comment       0x0000000000000000       0x12 ./src/n2switchS3.o
 .comment       0x0000000000000000       0x12 ./src/nibo_leds.o
 .comment       0x0000000000000000       0x12 ./src/uart0.o
 .comment       0x0000000000000000       0x12 ./src/xbee.o
 .comment       0x0000000000000000       0x12 /usr/lib/gcc/avr/4.8.1/../../../avr/lib/avr51/libprintf_flt.a(vfprintf_flt.o)
 .comment       0x0000000000000000       0x12 /usr/lib/gcc/avr/4.8.1/../../../avr/lib/avr51/libc.a(fputc.o)
 .comment       0x0000000000000000       0x12 /usr/lib/gcc/avr/4.8.1/../../../avr/lib/avr51/libc.a(sprintf.o)

.note.gnu.build-id
 *(.note.gnu.build-id)

.debug
 *(.debug)

.line
 *(.line)

.debug_srcinfo
 *(.debug_srcinfo)

.debug_sfnames
 *(.debug_sfnames)

.debug_aranges
 *(.debug_aranges)

.debug_pubnames
 *(.debug_pubnames)

.debug_info
 *(.debug_info .gnu.linkonce.wi.*)

.debug_abbrev
 *(.debug_abbrev)

.debug_line
 *(.debug_line .debug_line.* .debug_line_end)

.debug_frame
 *(.debug_frame)

.debug_str
 *(.debug_str)

.debug_loc
 *(.debug_loc)

.debug_macinfo
 *(.debug_macinfo)

.debug_weaknames
 *(.debug_weaknames)

.debug_funcnames
 *(.debug_funcnames)

.debug_typenames
 *(.debug_typenames)

.debug_varnames
 *(.debug_varnames)

.debug_pubtypes
 *(.debug_pubtypes)

.debug_ranges
 *(.debug_ranges)

.debug_macro
 *(.debug_macro)
OUTPUT(NiboIntroduction.elf elf32-avr)
LOAD linker stubs
